mode: atomic
gopkg.in/alecthomas/kingpin.v2/cmd/genvalues/main.go:81.30,82.16 1 0
gopkg.in/alecthomas/kingpin.v2/cmd/genvalues/main.go:82.16,83.13 1 0
gopkg.in/alecthomas/kingpin.v2/cmd/genvalues/main.go:87.13,96.37 7 0
gopkg.in/alecthomas/kingpin.v2/cmd/genvalues/main.go:96.37,97.19 1 0
gopkg.in/alecthomas/kingpin.v2/cmd/genvalues/main.go:97.19,99.4 1 0
gopkg.in/alecthomas/kingpin.v2/cmd/genvalues/main.go:100.3,100.31 1 0
gopkg.in/alecthomas/kingpin.v2/cmd/genvalues/main.go:103.2,105.35 1 0
gopkg.in/alecthomas/kingpin.v2/cmd/genvalues/main.go:105.35,106.22 1 0
gopkg.in/alecthomas/kingpin.v2/cmd/genvalues/main.go:106.22,108.5 1 0
gopkg.in/alecthomas/kingpin.v2/cmd/genvalues/main.go:109.4,109.38 1 0
gopkg.in/alecthomas/kingpin.v2/cmd/genvalues/main.go:111.38,114.4 2 0
gopkg.in/alecthomas/kingpin.v2/cmd/genvalues/main.go:116.35,117.22 1 0
gopkg.in/alecthomas/kingpin.v2/cmd/genvalues/main.go:117.22,119.5 1 0
gopkg.in/alecthomas/kingpin.v2/cmd/genvalues/main.go:120.4,120.32 1 0
gopkg.in/alecthomas/kingpin.v2/cmd/genvalues/main.go:123.2,133.19 8 0
github.com/matttproud/golang_protobuf_extensions/pbutil/decode.go:38.69,44.23 4 15
github.com/matttproud/golang_protobuf_extensions/pbutil/decode.go:44.23,45.34 1 31
github.com/matttproud/golang_protobuf_extensions/pbutil/decode.go:45.34,47.4 1 2
github.com/matttproud/golang_protobuf_extensions/pbutil/decode.go:51.3,52.24 2 29
github.com/matttproud/golang_protobuf_extensions/pbutil/decode.go:52.24,53.18 1 2
github.com/matttproud/golang_protobuf_extensions/pbutil/decode.go:53.18,55.5 1 2
github.com/matttproud/golang_protobuf_extensions/pbutil/decode.go:59.4,59.12 1 0
github.com/matttproud/golang_protobuf_extensions/pbutil/decode.go:61.3,64.73 2 27
github.com/matttproud/golang_protobuf_extensions/pbutil/decode.go:67.2,70.16 4 11
github.com/matttproud/golang_protobuf_extensions/pbutil/decode.go:70.16,72.3 1 2
github.com/matttproud/golang_protobuf_extensions/pbutil/decode.go:74.2,74.50 1 9
github.com/matttproud/golang_protobuf_extensions/pbutil/encode.go:30.70,32.16 2 11
github.com/matttproud/golang_protobuf_extensions/pbutil/encode.go:32.16,34.3 1 1
github.com/matttproud/golang_protobuf_extensions/pbutil/encode.go:36.2,40.16 4 10
github.com/matttproud/golang_protobuf_extensions/pbutil/encode.go:40.16,42.3 1 1
github.com/matttproud/golang_protobuf_extensions/pbutil/encode.go:44.2,45.22 2 9
github.com/davecgh/go-spew/spew/bypass.go:71.36,73.9 2 1
github.com/davecgh/go-spew/spew/bypass.go:73.9,74.43 1 0
github.com/davecgh/go-spew/spew/bypass.go:76.2,76.21 1 1
github.com/davecgh/go-spew/spew/bypass.go:80.40,82.2 1 915
github.com/davecgh/go-spew/spew/bypass.go:93.56,94.55 1 906
github.com/davecgh/go-spew/spew/bypass.go:94.55,96.3 1 0
github.com/davecgh/go-spew/spew/bypass.go:97.2,100.10 4 906
github.com/davecgh/go-spew/spew/bypass.go:105.13,107.9 2 1
github.com/davecgh/go-spew/spew/bypass.go:107.9,108.43 1 0
github.com/davecgh/go-spew/spew/bypass.go:110.2,110.57 1 1
github.com/davecgh/go-spew/spew/bypass.go:110.57,111.53 1 0
github.com/davecgh/go-spew/spew/bypass.go:113.2,139.28 13 1
github.com/davecgh/go-spew/spew/bypass.go:139.28,140.43 1 2
github.com/davecgh/go-spew/spew/bypass.go:140.43,142.4 1 1
github.com/davecgh/go-spew/spew/bypass.go:144.2,144.61 1 0
github.com/davecgh/go-spew/spew/common.go:72.47,73.34 1 225
github.com/davecgh/go-spew/spew/common.go:73.34,77.3 3 15
github.com/davecgh/go-spew/spew/common.go:85.82,92.23 1 1535
github.com/davecgh/go-spew/spew/common.go:92.23,93.21 1 249
github.com/davecgh/go-spew/spew/common.go:93.21,95.4 1 0
github.com/davecgh/go-spew/spew/common.go:97.3,97.28 1 249
github.com/davecgh/go-spew/spew/common.go:106.2,106.66 1 1535
github.com/davecgh/go-spew/spew/common.go:106.66,108.3 1 654
github.com/davecgh/go-spew/spew/common.go:109.2,109.17 1 1535
github.com/davecgh/go-spew/spew/common.go:109.17,111.3 1 1533
github.com/davecgh/go-spew/spew/common.go:114.2,114.39 1 1535
github.com/davecgh/go-spew/spew/common.go:115.13,117.26 2 23
github.com/davecgh/go-spew/spew/common.go:117.26,123.4 5 2
github.com/davecgh/go-spew/spew/common.go:125.3,126.14 2 21
github.com/davecgh/go-spew/spew/common.go:128.20,130.26 2 202
github.com/davecgh/go-spew/spew/common.go:130.26,136.4 5 2
github.com/davecgh/go-spew/spew/common.go:137.3,138.14 2 200
github.com/davecgh/go-spew/spew/common.go:140.2,140.14 1 1310
github.com/davecgh/go-spew/spew/common.go:144.39,145.9 1 50
github.com/davecgh/go-spew/spew/common.go:145.9,147.3 1 34
github.com/davecgh/go-spew/spew/common.go:147.8,149.3 1 16
github.com/davecgh/go-spew/spew/common.go:153.49,155.2 1 430
github.com/davecgh/go-spew/spew/common.go:158.51,160.2 1 158
github.com/davecgh/go-spew/spew/common.go:164.58,166.2 1 77
github.com/davecgh/go-spew/spew/common.go:170.66,175.12 5 37
github.com/davecgh/go-spew/spew/common.go:175.12,177.3 1 18
github.com/davecgh/go-spew/spew/common.go:178.2,180.26 3 37
github.com/davecgh/go-spew/spew/common.go:185.42,188.14 2 657
github.com/davecgh/go-spew/spew/common.go:188.14,191.3 2 48
github.com/davecgh/go-spew/spew/common.go:194.2,199.18 4 609
github.com/davecgh/go-spew/spew/common.go:199.18,203.3 3 5436
github.com/davecgh/go-spew/spew/common.go:204.2,214.14 7 609
github.com/davecgh/go-spew/spew/common.go:228.78,230.40 2 28
github.com/davecgh/go-spew/spew/common.go:230.40,232.3 1 19
github.com/davecgh/go-spew/spew/common.go:233.2,233.24 1 9
github.com/davecgh/go-spew/spew/common.go:233.24,235.28 2 4
github.com/davecgh/go-spew/spew/common.go:235.28,237.44 2 10
github.com/davecgh/go-spew/spew/common.go:237.44,239.10 2 1
github.com/davecgh/go-spew/spew/common.go:241.4,241.30 1 9
github.com/davecgh/go-spew/spew/common.go:244.2,244.38 1 9
github.com/davecgh/go-spew/spew/common.go:244.38,246.28 2 2
github.com/davecgh/go-spew/spew/common.go:246.28,248.4 1 6
github.com/davecgh/go-spew/spew/common.go:250.2,250.11 1 9
github.com/davecgh/go-spew/spew/common.go:256.44,258.14 1 28
github.com/davecgh/go-spew/spew/common.go:259.20,260.14 1 1
github.com/davecgh/go-spew/spew/common.go:261.78,262.14 1 7
github.com/davecgh/go-spew/spew/common.go:263.83,264.14 1 1
github.com/davecgh/go-spew/spew/common.go:265.40,266.14 1 1
github.com/davecgh/go-spew/spew/common.go:267.22,268.14 1 7
github.com/davecgh/go-spew/spew/common.go:269.23,270.14 1 1
github.com/davecgh/go-spew/spew/common.go:271.21,272.14 1 1
github.com/davecgh/go-spew/spew/common.go:274.2,274.14 1 9
github.com/davecgh/go-spew/spew/common.go:279.34,281.2 1 28
github.com/davecgh/go-spew/spew/common.go:285.39,287.22 2 32
github.com/davecgh/go-spew/spew/common.go:287.22,289.3 1 7
github.com/davecgh/go-spew/spew/common.go:295.45,296.18 1 57
github.com/davecgh/go-spew/spew/common.go:297.20,298.31 1 3
github.com/davecgh/go-spew/spew/common.go:299.78,300.27 1 19
github.com/davecgh/go-spew/spew/common.go:301.83,302.29 1 2
github.com/davecgh/go-spew/spew/common.go:303.40,304.31 1 2
github.com/davecgh/go-spew/spew/common.go:305.22,306.33 1 18
github.com/davecgh/go-spew/spew/common.go:307.23,308.29 1 2
github.com/davecgh/go-spew/spew/common.go:309.21,312.26 2 3
github.com/davecgh/go-spew/spew/common.go:312.26,315.40 3 4
github.com/davecgh/go-spew/spew/common.go:315.40,316.13 1 1
github.com/davecgh/go-spew/spew/common.go:318.4,318.32 1 3
github.com/davecgh/go-spew/spew/common.go:321.2,321.32 1 8
github.com/davecgh/go-spew/spew/common.go:326.44,327.22 1 66
github.com/davecgh/go-spew/spew/common.go:327.22,329.3 1 54
github.com/davecgh/go-spew/spew/common.go:330.2,330.36 1 12
github.com/davecgh/go-spew/spew/common.go:336.58,337.22 1 29
github.com/davecgh/go-spew/spew/common.go:337.22,339.3 1 1
github.com/davecgh/go-spew/spew/common.go:340.2,340.40 1 28
github.com/davecgh/go-spew/spew/config.go:115.75,117.2 1 1
github.com/davecgh/go-spew/spew/config.go:127.80,129.2 1 13
github.com/davecgh/go-spew/spew/config.go:139.96,141.2 1 1
github.com/davecgh/go-spew/spew/config.go:150.82,152.2 1 1
github.com/davecgh/go-spew/spew/config.go:162.66,164.2 1 1
github.com/davecgh/go-spew/spew/config.go:174.82,176.2 1 3
github.com/davecgh/go-spew/spew/config.go:186.68,188.2 1 1
github.com/davecgh/go-spew/spew/config.go:197.55,199.2 1 7
github.com/davecgh/go-spew/spew/config.go:208.71,210.2 1 1
github.com/davecgh/go-spew/spew/config.go:219.57,221.2 1 1
github.com/davecgh/go-spew/spew/config.go:240.65,242.2 1 1
github.com/davecgh/go-spew/spew/config.go:246.60,248.2 1 4
github.com/davecgh/go-spew/spew/config.go:273.46,275.2 1 3
github.com/davecgh/go-spew/spew/config.go:279.54,283.2 3 8
github.com/davecgh/go-spew/spew/config.go:288.82,290.31 2 30
github.com/davecgh/go-spew/spew/config.go:290.31,292.3 1 30
github.com/davecgh/go-spew/spew/config.go:293.2,293.19 1 30
github.com/davecgh/go-spew/spew/config.go:304.38,306.2 1 3
github.com/davecgh/go-spew/spew/dump.go:62.30,63.24 1 585
github.com/davecgh/go-spew/spew/dump.go:63.24,66.3 2 102
github.com/davecgh/go-spew/spew/dump.go:67.2,67.55 1 483
github.com/davecgh/go-spew/spew/dump.go:73.64,74.49 1 191
github.com/davecgh/go-spew/spew/dump.go:74.49,76.3 1 30
github.com/davecgh/go-spew/spew/dump.go:77.2,77.10 1 191
github.com/davecgh/go-spew/spew/dump.go:81.46,84.35 1 172
github.com/davecgh/go-spew/spew/dump.go:84.35,85.23 1 46
github.com/davecgh/go-spew/spew/dump.go:85.23,87.4 1 3
github.com/davecgh/go-spew/spew/dump.go:91.2,100.31 6 172
github.com/davecgh/go-spew/spew/dump.go:100.31,101.17 1 222
github.com/davecgh/go-spew/spew/dump.go:101.17,103.9 2 43
github.com/davecgh/go-spew/spew/dump.go:105.3,108.53 4 179
github.com/davecgh/go-spew/spew/dump.go:108.53,111.9 3 9
github.com/davecgh/go-spew/spew/dump.go:113.3,116.37 3 170
github.com/davecgh/go-spew/spew/dump.go:116.37,117.18 1 4
github.com/davecgh/go-spew/spew/dump.go:117.18,119.10 2 2
github.com/davecgh/go-spew/spew/dump.go:121.4,121.18 1 2
github.com/davecgh/go-spew/spew/dump.go:126.2,132.60 5 172
github.com/davecgh/go-spew/spew/dump.go:132.60,134.37 2 127
github.com/davecgh/go-spew/spew/dump.go:134.37,135.13 1 177
github.com/davecgh/go-spew/spew/dump.go:135.13,137.5 1 50
github.com/davecgh/go-spew/spew/dump.go:138.4,138.26 1 177
github.com/davecgh/go-spew/spew/dump.go:140.3,140.29 1 127
github.com/davecgh/go-spew/spew/dump.go:144.2,145.9 2 172
github.com/davecgh/go-spew/spew/dump.go:146.16,147.27 1 45
github.com/davecgh/go-spew/spew/dump.go:149.18,150.27 1 9
github.com/davecgh/go-spew/spew/dump.go:152.10,154.13 2 118
github.com/davecgh/go-spew/spew/dump.go:156.2,156.28 1 172
github.com/davecgh/go-spew/spew/dump.go:161.48,169.20 5 27
github.com/davecgh/go-spew/spew/dump.go:169.20,172.10 3 26
github.com/davecgh/go-spew/spew/dump.go:174.33,175.15 1 0
github.com/davecgh/go-spew/spew/dump.go:176.41,177.15 1 0
github.com/davecgh/go-spew/spew/dump.go:178.39,179.20 1 0
github.com/davecgh/go-spew/spew/dump.go:183.35,192.43 2 7
github.com/davecgh/go-spew/spew/dump.go:192.43,194.5 1 3
github.com/davecgh/go-spew/spew/dump.go:195.4,195.23 1 7
github.com/davecgh/go-spew/spew/dump.go:195.23,201.41 3 7
github.com/davecgh/go-spew/spew/dump.go:201.41,204.11 3 7
github.com/davecgh/go-spew/spew/dump.go:210.4,210.20 1 0
github.com/davecgh/go-spew/spew/dump.go:214.3,214.47 1 26
github.com/davecgh/go-spew/spew/dump.go:214.47,218.36 2 0
github.com/davecgh/go-spew/spew/dump.go:218.36,221.5 2 0
github.com/davecgh/go-spew/spew/dump.go:222.4,222.20 1 0
github.com/davecgh/go-spew/spew/dump.go:227.2,227.15 1 27
github.com/davecgh/go-spew/spew/dump.go:227.15,234.3 6 7
github.com/davecgh/go-spew/spew/dump.go:237.2,237.34 1 20
github.com/davecgh/go-spew/spew/dump.go:237.34,239.27 2 58
github.com/davecgh/go-spew/spew/dump.go:239.27,241.4 1 39
github.com/davecgh/go-spew/spew/dump.go:241.9,243.4 1 19
github.com/davecgh/go-spew/spew/dump.go:251.43,254.29 2 527
github.com/davecgh/go-spew/spew/dump.go:254.29,257.3 2 1
github.com/davecgh/go-spew/spew/dump.go:260.2,260.25 1 526
github.com/davecgh/go-spew/spew/dump.go:260.25,264.3 3 172
github.com/davecgh/go-spew/spew/dump.go:267.2,267.23 1 354
github.com/davecgh/go-spew/spew/dump.go:267.23,273.3 5 236
github.com/davecgh/go-spew/spew/dump.go:274.2,279.18 3 354
github.com/davecgh/go-spew/spew/dump.go:280.50,281.40 1 38
github.com/davecgh/go-spew/spew/dump.go:282.35,283.21 1 97
github.com/davecgh/go-spew/spew/dump.go:285.2,285.63 1 354
github.com/davecgh/go-spew/spew/dump.go:285.63,287.20 2 120
github.com/davecgh/go-spew/spew/dump.go:287.20,290.4 2 120
github.com/davecgh/go-spew/spew/dump.go:291.3,291.47 1 120
github.com/davecgh/go-spew/spew/dump.go:291.47,292.21 1 27
github.com/davecgh/go-spew/spew/dump.go:292.21,294.5 1 27
github.com/davecgh/go-spew/spew/dump.go:295.4,296.38 2 27
github.com/davecgh/go-spew/spew/dump.go:298.3,299.24 2 120
github.com/davecgh/go-spew/spew/dump.go:304.2,304.26 1 354
github.com/davecgh/go-spew/spew/dump.go:304.26,305.63 1 354
github.com/davecgh/go-spew/spew/dump.go:305.63,306.55 1 348
github.com/davecgh/go-spew/spew/dump.go:306.55,308.5 1 43
github.com/davecgh/go-spew/spew/dump.go:312.2,312.14 1 311
github.com/davecgh/go-spew/spew/dump.go:313.23,313.23 0 0
github.com/davecgh/go-spew/spew/dump.go:317.20,318.27 1 12
github.com/davecgh/go-spew/spew/dump.go:320.78,321.29 1 63
github.com/davecgh/go-spew/spew/dump.go:323.83,324.31 1 31
github.com/davecgh/go-spew/spew/dump.go:326.23,327.33 1 12
github.com/davecgh/go-spew/spew/dump.go:329.23,330.33 1 3
github.com/davecgh/go-spew/spew/dump.go:332.25,333.37 1 3
github.com/davecgh/go-spew/spew/dump.go:335.26,336.37 1 4
github.com/davecgh/go-spew/spew/dump.go:338.21,339.16 1 19
github.com/davecgh/go-spew/spew/dump.go:339.16,341.9 2 3
github.com/davecgh/go-spew/spew/dump.go:343.3,343.14 1 16
github.com/davecgh/go-spew/spew/dump.go:345.21,348.56 3 29
github.com/davecgh/go-spew/spew/dump.go:348.56,351.4 2 2
github.com/davecgh/go-spew/spew/dump.go:351.9,353.4 1 27
github.com/davecgh/go-spew/spew/dump.go:354.3,356.29 3 29
github.com/davecgh/go-spew/spew/dump.go:358.22,359.47 1 36
github.com/davecgh/go-spew/spew/dump.go:361.25,364.16 1 6
github.com/davecgh/go-spew/spew/dump.go:364.16,366.4 1 6
github.com/davecgh/go-spew/spew/dump.go:368.19,368.19 0 0
github.com/davecgh/go-spew/spew/dump.go:372.19,374.16 1 25
github.com/davecgh/go-spew/spew/dump.go:374.16,376.9 2 4
github.com/davecgh/go-spew/spew/dump.go:379.3,381.56 3 21
github.com/davecgh/go-spew/spew/dump.go:381.56,384.4 2 1
github.com/davecgh/go-spew/spew/dump.go:384.9,387.21 3 20
github.com/davecgh/go-spew/spew/dump.go:387.21,389.5 1 4
github.com/davecgh/go-spew/spew/dump.go:390.4,390.29 1 20
github.com/davecgh/go-spew/spew/dump.go:390.29,395.29 5 31
github.com/davecgh/go-spew/spew/dump.go:395.29,397.6 1 11
github.com/davecgh/go-spew/spew/dump.go:397.11,399.6 1 20
github.com/davecgh/go-spew/spew/dump.go:402.3,404.29 3 21
github.com/davecgh/go-spew/spew/dump.go:406.22,409.56 3 52
github.com/davecgh/go-spew/spew/dump.go:409.56,412.4 2 1
github.com/davecgh/go-spew/spew/dump.go:412.9,415.35 3 51
github.com/davecgh/go-spew/spew/dump.go:415.35,422.28 7 71
github.com/davecgh/go-spew/spew/dump.go:422.28,424.6 1 21
github.com/davecgh/go-spew/spew/dump.go:424.11,426.6 1 50
github.com/davecgh/go-spew/spew/dump.go:429.3,431.29 3 52
github.com/davecgh/go-spew/spew/dump.go:433.23,434.38 1 9
github.com/davecgh/go-spew/spew/dump.go:436.57,437.32 1 21
github.com/davecgh/go-spew/spew/dump.go:442.10,443.23 1 2
github.com/davecgh/go-spew/spew/dump.go:443.23,445.4 1 1
github.com/davecgh/go-spew/spew/dump.go:445.9,447.4 1 1
github.com/davecgh/go-spew/spew/dump.go:453.60,454.24 1 214
github.com/davecgh/go-spew/spew/dump.go:454.24,455.17 1 216
github.com/davecgh/go-spew/spew/dump.go:455.17,460.12 5 1
github.com/davecgh/go-spew/spew/dump.go:463.3,466.26 4 215
github.com/davecgh/go-spew/spew/dump.go:472.43,474.2 1 197
github.com/davecgh/go-spew/spew/dump.go:478.37,482.2 3 1
github.com/davecgh/go-spew/spew/dump.go:507.29,509.2 1 1
github.com/davecgh/go-spew/spew/format.go:47.60,50.38 2 2
github.com/davecgh/go-spew/spew/format.go:50.38,51.27 1 10
github.com/davecgh/go-spew/spew/format.go:51.27,53.4 1 2
github.com/davecgh/go-spew/spew/format.go:56.2,59.15 3 2
github.com/davecgh/go-spew/spew/format.go:65.70,68.38 2 16
github.com/davecgh/go-spew/spew/format.go:68.38,69.27 1 80
github.com/davecgh/go-spew/spew/format.go:69.27,71.4 1 3
github.com/davecgh/go-spew/spew/format.go:74.2,74.35 1 16
github.com/davecgh/go-spew/spew/format.go:74.35,76.3 1 6
github.com/davecgh/go-spew/spew/format.go:78.2,78.43 1 16
github.com/davecgh/go-spew/spew/format.go:78.43,81.3 2 6
github.com/davecgh/go-spew/spew/format.go:83.2,86.15 3 16
github.com/davecgh/go-spew/spew/format.go:94.66,95.35 1 626
github.com/davecgh/go-spew/spew/format.go:95.35,97.17 2 120
github.com/davecgh/go-spew/spew/format.go:97.17,99.4 1 96
github.com/davecgh/go-spew/spew/format.go:101.2,101.10 1 626
github.com/davecgh/go-spew/spew/format.go:105.50,108.51 2 661
github.com/davecgh/go-spew/spew/format.go:108.51,111.3 2 80
github.com/davecgh/go-spew/spew/format.go:115.2,115.35 1 581
github.com/davecgh/go-spew/spew/format.go:115.35,116.23 1 182
github.com/davecgh/go-spew/spew/format.go:116.23,118.4 1 12
github.com/davecgh/go-spew/spew/format.go:122.2,131.31 6 581
github.com/davecgh/go-spew/spew/format.go:131.31,132.17 1 774
github.com/davecgh/go-spew/spew/format.go:132.17,134.9 2 80
github.com/davecgh/go-spew/spew/format.go:136.3,139.53 4 694
github.com/davecgh/go-spew/spew/format.go:139.53,142.9 3 37
github.com/davecgh/go-spew/spew/format.go:144.3,147.37 3 657
github.com/davecgh/go-spew/spew/format.go:147.37,148.18 1 16
github.com/davecgh/go-spew/spew/format.go:148.18,150.10 2 8
github.com/davecgh/go-spew/spew/format.go:152.4,152.18 1 8
github.com/davecgh/go-spew/spew/format.go:157.2,157.36 1 581
github.com/davecgh/go-spew/spew/format.go:157.36,162.3 4 326
github.com/davecgh/go-spew/spew/format.go:162.8,163.29 1 255
github.com/davecgh/go-spew/spew/format.go:163.29,165.4 1 23
github.com/davecgh/go-spew/spew/format.go:166.3,168.30 3 255
github.com/davecgh/go-spew/spew/format.go:172.2,172.47 1 581
github.com/davecgh/go-spew/spew/format.go:172.47,174.37 2 246
github.com/davecgh/go-spew/spew/format.go:174.37,175.13 1 342
github.com/davecgh/go-spew/spew/format.go:175.13,177.5 1 96
github.com/davecgh/go-spew/spew/format.go:178.4,178.27 1 342
github.com/davecgh/go-spew/spew/format.go:180.3,180.30 1 246
github.com/davecgh/go-spew/spew/format.go:184.2,184.9 1 581
github.com/davecgh/go-spew/spew/format.go:185.16,186.28 1 88
github.com/davecgh/go-spew/spew/format.go:188.18,189.33 1 37
github.com/davecgh/go-spew/spew/format.go:191.10,193.15 2 456
github.com/davecgh/go-spew/spew/format.go:201.47,204.29 2 1868
github.com/davecgh/go-spew/spew/format.go:204.29,207.3 2 1
github.com/davecgh/go-spew/spew/format.go:210.2,210.25 1 1867
github.com/davecgh/go-spew/spew/format.go:210.25,213.3 2 661
github.com/davecgh/go-spew/spew/format.go:216.2,216.41 1 1206
github.com/davecgh/go-spew/spew/format.go:216.41,220.3 3 226
github.com/davecgh/go-spew/spew/format.go:221.2,225.26 2 1206
github.com/davecgh/go-spew/spew/format.go:225.26,226.63 1 1201
github.com/davecgh/go-spew/spew/format.go:226.63,227.56 1 1177
github.com/davecgh/go-spew/spew/format.go:227.56,229.5 1 154
github.com/davecgh/go-spew/spew/format.go:233.2,233.14 1 1052
github.com/davecgh/go-spew/spew/format.go:234.23,234.23 0 0
github.com/davecgh/go-spew/spew/format.go:238.20,239.28 1 38
github.com/davecgh/go-spew/spew/format.go:241.78,242.30 1 220
github.com/davecgh/go-spew/spew/format.go:244.83,245.32 1 127
github.com/davecgh/go-spew/spew/format.go:247.23,248.34 1 49
github.com/davecgh/go-spew/spew/format.go:250.23,251.34 1 13
github.com/davecgh/go-spew/spew/format.go:253.25,254.38 1 14
github.com/davecgh/go-spew/spew/format.go:256.26,257.38 1 16
github.com/davecgh/go-spew/spew/format.go:259.21,260.16 1 49
github.com/davecgh/go-spew/spew/format.go:260.16,262.9 2 12
github.com/davecgh/go-spew/spew/format.go:264.3,264.14 1 37
github.com/davecgh/go-spew/spew/format.go:266.21,269.56 3 74
github.com/davecgh/go-spew/spew/format.go:269.56,271.4 1 2
github.com/davecgh/go-spew/spew/format.go:271.9,273.36 2 72
github.com/davecgh/go-spew/spew/format.go:273.36,274.14 1 228
github.com/davecgh/go-spew/spew/format.go:274.14,276.6 1 156
github.com/davecgh/go-spew/spew/format.go:277.5,278.40 2 228
github.com/davecgh/go-spew/spew/format.go:281.3,282.32 2 74
github.com/davecgh/go-spew/spew/format.go:284.22,285.33 1 118
github.com/davecgh/go-spew/spew/format.go:287.25,290.16 1 24
github.com/davecgh/go-spew/spew/format.go:290.16,292.4 1 24
github.com/davecgh/go-spew/spew/format.go:294.19,294.19 0 0
github.com/davecgh/go-spew/spew/format.go:298.19,300.16 1 60
github.com/davecgh/go-spew/spew/format.go:300.16,302.9 2 4
github.com/davecgh/go-spew/spew/format.go:305.3,307.56 3 56
github.com/davecgh/go-spew/spew/format.go:307.56,309.4 1 1
github.com/davecgh/go-spew/spew/format.go:309.9,311.21 2 55
github.com/davecgh/go-spew/spew/format.go:311.21,313.5 1 6
github.com/davecgh/go-spew/spew/format.go:314.4,314.29 1 55
github.com/davecgh/go-spew/spew/format.go:314.29,315.14 1 79
github.com/davecgh/go-spew/spew/format.go:315.14,317.6 1 24
github.com/davecgh/go-spew/spew/format.go:318.5,322.45 5 79
github.com/davecgh/go-spew/spew/format.go:325.3,326.28 2 56
github.com/davecgh/go-spew/spew/format.go:328.22,332.56 4 177
github.com/davecgh/go-spew/spew/format.go:332.56,334.4 1 1
github.com/davecgh/go-spew/spew/format.go:334.9,336.35 2 176
github.com/davecgh/go-spew/spew/format.go:336.35,337.14 1 240
github.com/davecgh/go-spew/spew/format.go:337.14,339.6 1 65
github.com/davecgh/go-spew/spew/format.go:340.5,341.41 2 240
github.com/davecgh/go-spew/spew/format.go:341.41,344.6 2 174
github.com/davecgh/go-spew/spew/format.go:345.5,345.40 1 240
github.com/davecgh/go-spew/spew/format.go:348.3,349.30 2 177
github.com/davecgh/go-spew/spew/format.go:351.23,352.39 1 24
github.com/davecgh/go-spew/spew/format.go:354.57,355.33 1 84
github.com/davecgh/go-spew/spew/format.go:359.10,361.23 2 2
github.com/davecgh/go-spew/spew/format.go:361.23,363.4 1 1
github.com/davecgh/go-spew/spew/format.go:363.9,365.4 1 1
github.com/davecgh/go-spew/spew/format.go:371.55,375.17 2 803
github.com/davecgh/go-spew/spew/format.go:375.17,379.3 3 16
github.com/davecgh/go-spew/spew/format.go:381.2,381.20 1 787
github.com/davecgh/go-spew/spew/format.go:381.20,382.19 1 4
github.com/davecgh/go-spew/spew/format.go:382.19,384.4 1 2
github.com/davecgh/go-spew/spew/format.go:385.3,386.9 2 4
github.com/davecgh/go-spew/spew/format.go:389.2,389.36 1 783
github.com/davecgh/go-spew/spew/format.go:394.65,398.2 3 803
github.com/davecgh/go-spew/spew/format.go:417.48,419.2 1 772
github.com/davecgh/go-spew/spew/spew.go:32.58,34.2 1 1
github.com/davecgh/go-spew/spew/spew.go:44.63,46.2 1 1
github.com/davecgh/go-spew/spew/spew.go:56.79,58.2 1 756
github.com/davecgh/go-spew/spew/spew.go:67.65,69.2 1 1
github.com/davecgh/go-spew/spew/spew.go:79.49,81.2 1 1
github.com/davecgh/go-spew/spew/spew.go:91.65,93.2 1 2
github.com/davecgh/go-spew/spew/spew.go:103.51,105.2 1 1
github.com/davecgh/go-spew/spew/spew.go:114.38,116.2 1 1
github.com/davecgh/go-spew/spew/spew.go:125.54,127.2 1 7
github.com/davecgh/go-spew/spew/spew.go:136.40,138.2 1 1
github.com/davecgh/go-spew/spew/spew.go:142.65,144.31 2 772
github.com/davecgh/go-spew/spew/spew.go:144.31,146.3 1 772
github.com/davecgh/go-spew/spew/spew.go:147.2,147.19 1 772
gopkg.in/alecthomas/kingpin.v2/actions.go:18.48,20.2 1 1
gopkg.in/alecthomas/kingpin.v2/actions.go:22.51,24.2 1 409
gopkg.in/alecthomas/kingpin.v2/actions.go:26.65,27.35 1 166
gopkg.in/alecthomas/kingpin.v2/actions.go:27.35,28.41 1 1
gopkg.in/alecthomas/kingpin.v2/actions.go:28.41,30.4 1 0
gopkg.in/alecthomas/kingpin.v2/actions.go:32.2,32.12 1 166
gopkg.in/alecthomas/kingpin.v2/actions.go:35.68,36.41 1 174
gopkg.in/alecthomas/kingpin.v2/actions.go:36.41,37.44 1 2
gopkg.in/alecthomas/kingpin.v2/actions.go:37.44,39.4 1 0
gopkg.in/alecthomas/kingpin.v2/actions.go:41.2,41.12 1 174
gopkg.in/alecthomas/kingpin.v2/app.go:50.42,71.2 12 95
gopkg.in/alecthomas/kingpin.v2/app.go:73.63,75.78 2 0
gopkg.in/alecthomas/kingpin.v2/app.go:75.78,77.3 1 0
gopkg.in/alecthomas/kingpin.v2/app.go:78.2,79.12 2 0
gopkg.in/alecthomas/kingpin.v2/app.go:82.62,84.77 2 0
gopkg.in/alecthomas/kingpin.v2/app.go:84.77,86.3 1 0
gopkg.in/alecthomas/kingpin.v2/app.go:87.2,88.12 2 0
gopkg.in/alecthomas/kingpin.v2/app.go:91.75,93.84 2 0
gopkg.in/alecthomas/kingpin.v2/app.go:93.84,95.3 1 0
gopkg.in/alecthomas/kingpin.v2/app.go:96.2,97.12 2 0
gopkg.in/alecthomas/kingpin.v2/app.go:100.74,102.83 2 0
gopkg.in/alecthomas/kingpin.v2/app.go:102.83,104.3 1 0
gopkg.in/alecthomas/kingpin.v2/app.go:105.2,106.12 2 0
gopkg.in/alecthomas/kingpin.v2/app.go:114.52,117.2 2 1
gopkg.in/alecthomas/kingpin.v2/app.go:121.67,122.22 1 76
gopkg.in/alecthomas/kingpin.v2/app.go:122.22,123.25 1 74
gopkg.in/alecthomas/kingpin.v2/app.go:123.26,123.27 0 5
gopkg.in/alecthomas/kingpin.v2/app.go:125.2,126.10 2 76
gopkg.in/alecthomas/kingpin.v2/app.go:131.56,135.2 3 4
gopkg.in/alecthomas/kingpin.v2/app.go:138.61,141.2 2 0
gopkg.in/alecthomas/kingpin.v2/app.go:144.61,147.2 2 0
gopkg.in/alecthomas/kingpin.v2/app.go:151.67,154.2 2 4
gopkg.in/alecthomas/kingpin.v2/app.go:157.77,160.2 2 0
gopkg.in/alecthomas/kingpin.v2/app.go:164.74,166.2 1 134
gopkg.in/alecthomas/kingpin.v2/app.go:168.94,169.33 1 134
gopkg.in/alecthomas/kingpin.v2/app.go:169.33,171.3 1 7
gopkg.in/alecthomas/kingpin.v2/app.go:172.2,174.21 3 127
gopkg.in/alecthomas/kingpin.v2/app.go:183.72,189.20 4 89
gopkg.in/alecthomas/kingpin.v2/app.go:189.20,193.3 1 7
gopkg.in/alecthomas/kingpin.v2/app.go:195.2,195.46 1 82
gopkg.in/alecthomas/kingpin.v2/app.go:195.46,197.3 1 4
gopkg.in/alecthomas/kingpin.v2/app.go:199.2,201.65 2 78
gopkg.in/alecthomas/kingpin.v2/app.go:201.65,203.3 1 0
gopkg.in/alecthomas/kingpin.v2/app.go:205.2,205.18 1 78
gopkg.in/alecthomas/kingpin.v2/app.go:205.18,208.3 2 0
gopkg.in/alecthomas/kingpin.v2/app.go:208.8,209.22 1 78
gopkg.in/alecthomas/kingpin.v2/app.go:209.22,211.4 1 5
gopkg.in/alecthomas/kingpin.v2/app.go:213.3,214.21 2 73
gopkg.in/alecthomas/kingpin.v2/app.go:214.21,216.4 1 0
gopkg.in/alecthomas/kingpin.v2/app.go:218.3,218.26 1 73
gopkg.in/alecthomas/kingpin.v2/app.go:218.26,220.4 1 5
gopkg.in/alecthomas/kingpin.v2/app.go:222.3,223.36 2 68
gopkg.in/alecthomas/kingpin.v2/app.go:223.36,225.4 1 5
gopkg.in/alecthomas/kingpin.v2/app.go:227.2,227.21 1 68
gopkg.in/alecthomas/kingpin.v2/app.go:230.68,231.16 1 5
gopkg.in/alecthomas/kingpin.v2/app.go:231.16,233.3 1 0
gopkg.in/alecthomas/kingpin.v2/app.go:234.2,234.51 1 5
gopkg.in/alecthomas/kingpin.v2/app.go:234.51,235.13 1 0
gopkg.in/alecthomas/kingpin.v2/app.go:237.2,237.16 1 5
gopkg.in/alecthomas/kingpin.v2/app.go:237.16,239.3 1 0
gopkg.in/alecthomas/kingpin.v2/app.go:239.8,241.3 1 5
gopkg.in/alecthomas/kingpin.v2/app.go:244.56,245.43 1 73
gopkg.in/alecthomas/kingpin.v2/app.go:245.43,246.73 1 91
gopkg.in/alecthomas/kingpin.v2/app.go:246.73,250.4 2 0
gopkg.in/alecthomas/kingpin.v2/app.go:255.60,257.101 2 2
gopkg.in/alecthomas/kingpin.v2/app.go:257.101,261.3 3 2
gopkg.in/alecthomas/kingpin.v2/app.go:262.2,263.10 2 2
gopkg.in/alecthomas/kingpin.v2/app.go:267.58,270.2 2 0
gopkg.in/alecthomas/kingpin.v2/app.go:277.58,280.2 2 0
gopkg.in/alecthomas/kingpin.v2/app.go:283.61,286.2 2 0
gopkg.in/alecthomas/kingpin.v2/app.go:289.61,291.2 1 71
gopkg.in/alecthomas/kingpin.v2/app.go:296.68,299.2 2 2
gopkg.in/alecthomas/kingpin.v2/app.go:301.51,302.21 1 242
gopkg.in/alecthomas/kingpin.v2/app.go:302.21,304.3 1 1
gopkg.in/alecthomas/kingpin.v2/app.go:305.2,305.11 1 241
gopkg.in/alecthomas/kingpin.v2/app.go:308.36,309.19 1 139
gopkg.in/alecthomas/kingpin.v2/app.go:309.19,311.3 1 58
gopkg.in/alecthomas/kingpin.v2/app.go:312.2,312.44 1 81
gopkg.in/alecthomas/kingpin.v2/app.go:312.44,314.3 1 1
gopkg.in/alecthomas/kingpin.v2/app.go:317.2,317.23 1 80
gopkg.in/alecthomas/kingpin.v2/app.go:317.23,319.95 2 27
gopkg.in/alecthomas/kingpin.v2/app.go:319.95,323.4 3 0
gopkg.in/alecthomas/kingpin.v2/app.go:324.3,327.74 3 27
gopkg.in/alecthomas/kingpin.v2/app.go:330.2,330.65 1 80
gopkg.in/alecthomas/kingpin.v2/app.go:330.65,332.3 1 3
gopkg.in/alecthomas/kingpin.v2/app.go:333.2,333.42 1 77
gopkg.in/alecthomas/kingpin.v2/app.go:333.42,335.3 1 3
gopkg.in/alecthomas/kingpin.v2/app.go:336.2,336.42 1 74
gopkg.in/alecthomas/kingpin.v2/app.go:336.42,338.3 1 0
gopkg.in/alecthomas/kingpin.v2/app.go:339.2,339.33 1 74
gopkg.in/alecthomas/kingpin.v2/app.go:339.33,340.36 1 57
gopkg.in/alecthomas/kingpin.v2/app.go:340.36,342.4 1 0
gopkg.in/alecthomas/kingpin.v2/app.go:344.2,345.37 2 74
gopkg.in/alecthomas/kingpin.v2/app.go:345.37,346.62 1 56
gopkg.in/alecthomas/kingpin.v2/app.go:346.62,348.4 1 1
gopkg.in/alecthomas/kingpin.v2/app.go:350.2,351.12 2 73
gopkg.in/alecthomas/kingpin.v2/app.go:355.77,357.35 1 77
gopkg.in/alecthomas/kingpin.v2/app.go:357.35,358.42 1 100
gopkg.in/alecthomas/kingpin.v2/app.go:358.42,359.27 1 19
gopkg.in/alecthomas/kingpin.v2/app.go:359.27,360.57 1 5
gopkg.in/alecthomas/kingpin.v2/app.go:360.57,362.6 1 0
gopkg.in/alecthomas/kingpin.v2/app.go:364.4,364.42 1 19
gopkg.in/alecthomas/kingpin.v2/app.go:364.42,366.5 1 1
gopkg.in/alecthomas/kingpin.v2/app.go:369.2,371.46 2 76
gopkg.in/alecthomas/kingpin.v2/app.go:371.46,372.65 1 21
gopkg.in/alecthomas/kingpin.v2/app.go:372.65,374.4 1 0
gopkg.in/alecthomas/kingpin.v2/app.go:376.2,376.12 1 76
gopkg.in/alecthomas/kingpin.v2/app.go:379.89,382.51 2 73
gopkg.in/alecthomas/kingpin.v2/app.go:382.51,384.3 1 8
gopkg.in/alecthomas/kingpin.v2/app.go:386.2,386.50 1 65
gopkg.in/alecthomas/kingpin.v2/app.go:386.50,388.3 1 0
gopkg.in/alecthomas/kingpin.v2/app.go:390.2,390.47 1 65
gopkg.in/alecthomas/kingpin.v2/app.go:390.47,392.3 1 0
gopkg.in/alecthomas/kingpin.v2/app.go:394.2,395.40 2 65
gopkg.in/alecthomas/kingpin.v2/app.go:395.40,397.3 1 5
gopkg.in/alecthomas/kingpin.v2/app.go:398.2,398.21 1 60
gopkg.in/alecthomas/kingpin.v2/app.go:401.64,403.43 2 82
gopkg.in/alecthomas/kingpin.v2/app.go:403.43,404.51 1 97
gopkg.in/alecthomas/kingpin.v2/app.go:404.51,405.27 1 37
gopkg.in/alecthomas/kingpin.v2/app.go:405.27,407.5 1 0
gopkg.in/alecthomas/kingpin.v2/app.go:408.4,408.37 1 37
gopkg.in/alecthomas/kingpin.v2/app.go:412.2,413.43 2 82
gopkg.in/alecthomas/kingpin.v2/app.go:413.43,414.49 1 97
gopkg.in/alecthomas/kingpin.v2/app.go:414.49,416.4 1 36
gopkg.in/alecthomas/kingpin.v2/app.go:420.2,420.42 1 82
gopkg.in/alecthomas/kingpin.v2/app.go:420.42,421.37 1 551
gopkg.in/alecthomas/kingpin.v2/app.go:421.37,422.44 1 518
gopkg.in/alecthomas/kingpin.v2/app.go:422.44,424.5 1 2
gopkg.in/alecthomas/kingpin.v2/app.go:428.2,428.45 1 80
gopkg.in/alecthomas/kingpin.v2/app.go:428.45,429.35 1 49
gopkg.in/alecthomas/kingpin.v2/app.go:429.35,430.43 1 15
gopkg.in/alecthomas/kingpin.v2/app.go:430.43,432.5 1 2
gopkg.in/alecthomas/kingpin.v2/app.go:436.2,436.12 1 78
gopkg.in/alecthomas/kingpin.v2/app.go:439.69,441.43 2 73
gopkg.in/alecthomas/kingpin.v2/app.go:441.43,442.51 1 105
gopkg.in/alecthomas/kingpin.v2/app.go:442.51,444.4 1 40
gopkg.in/alecthomas/kingpin.v2/app.go:447.2,448.43 2 73
gopkg.in/alecthomas/kingpin.v2/app.go:448.43,449.49 1 105
gopkg.in/alecthomas/kingpin.v2/app.go:449.49,451.4 1 35
gopkg.in/alecthomas/kingpin.v2/app.go:455.2,455.42 1 73
gopkg.in/alecthomas/kingpin.v2/app.go:455.42,456.37 1 494
gopkg.in/alecthomas/kingpin.v2/app.go:456.37,458.25 1 457
gopkg.in/alecthomas/kingpin.v2/app.go:458.25,460.5 1 4
gopkg.in/alecthomas/kingpin.v2/app.go:464.2,464.45 1 69
gopkg.in/alecthomas/kingpin.v2/app.go:464.45,465.35 1 44
gopkg.in/alecthomas/kingpin.v2/app.go:465.35,466.24 1 11
gopkg.in/alecthomas/kingpin.v2/app.go:466.24,468.5 1 4
gopkg.in/alecthomas/kingpin.v2/app.go:471.2,471.12 1 65
gopkg.in/alecthomas/kingpin.v2/app.go:474.87,480.43 2 83
gopkg.in/alecthomas/kingpin.v2/app.go:480.43,481.42 1 116
gopkg.in/alecthomas/kingpin.v2/app.go:482.20,483.41 1 43
gopkg.in/alecthomas/kingpin.v2/app.go:483.41,484.73 1 4
gopkg.in/alecthomas/kingpin.v2/app.go:484.73,486.6 1 1
gopkg.in/alecthomas/kingpin.v2/app.go:488.4,488.58 1 42
gopkg.in/alecthomas/kingpin.v2/app.go:488.58,490.5 1 1
gopkg.in/alecthomas/kingpin.v2/app.go:491.4,491.37 1 41
gopkg.in/alecthomas/kingpin.v2/app.go:493.19,494.58 1 39
gopkg.in/alecthomas/kingpin.v2/app.go:494.58,496.5 1 2
gopkg.in/alecthomas/kingpin.v2/app.go:498.19,499.31 1 34
gopkg.in/alecthomas/kingpin.v2/app.go:499.31,500.51 1 0
gopkg.in/alecthomas/kingpin.v2/app.go:500.51,502.6 1 0
gopkg.in/alecthomas/kingpin.v2/app.go:504.4,505.20 2 34
gopkg.in/alecthomas/kingpin.v2/app.go:509.2,509.49 1 79
gopkg.in/alecthomas/kingpin.v2/app.go:509.49,511.3 1 1
gopkg.in/alecthomas/kingpin.v2/app.go:513.2,513.8 1 78
gopkg.in/alecthomas/kingpin.v2/app.go:516.74,518.43 1 65
gopkg.in/alecthomas/kingpin.v2/app.go:518.43,519.73 1 101
gopkg.in/alecthomas/kingpin.v2/app.go:519.73,520.44 1 0
gopkg.in/alecthomas/kingpin.v2/app.go:520.44,522.5 1 0
gopkg.in/alecthomas/kingpin.v2/app.go:526.2,526.24 1 65
gopkg.in/alecthomas/kingpin.v2/app.go:526.24,528.3 1 0
gopkg.in/alecthomas/kingpin.v2/app.go:529.2,529.12 1 65
gopkg.in/alecthomas/kingpin.v2/app.go:532.83,533.63 1 78
gopkg.in/alecthomas/kingpin.v2/app.go:533.63,535.3 1 0
gopkg.in/alecthomas/kingpin.v2/app.go:537.2,537.14 1 78
gopkg.in/alecthomas/kingpin.v2/app.go:537.14,538.44 1 78
gopkg.in/alecthomas/kingpin.v2/app.go:538.44,539.57 1 96
gopkg.in/alecthomas/kingpin.v2/app.go:539.57,540.60 1 96
gopkg.in/alecthomas/kingpin.v2/app.go:540.60,542.6 1 0
gopkg.in/alecthomas/kingpin.v2/app.go:547.2,547.12 1 78
gopkg.in/alecthomas/kingpin.v2/app.go:550.65,551.60 1 65
gopkg.in/alecthomas/kingpin.v2/app.go:551.60,553.3 1 0
gopkg.in/alecthomas/kingpin.v2/app.go:555.2,555.43 1 65
gopkg.in/alecthomas/kingpin.v2/app.go:555.43,556.56 1 101
gopkg.in/alecthomas/kingpin.v2/app.go:556.56,557.56 1 101
gopkg.in/alecthomas/kingpin.v2/app.go:557.56,559.5 1 0
gopkg.in/alecthomas/kingpin.v2/app.go:562.2,562.12 1 65
gopkg.in/alecthomas/kingpin.v2/app.go:566.66,568.2 1 0
gopkg.in/alecthomas/kingpin.v2/app.go:571.66,574.2 2 0
gopkg.in/alecthomas/kingpin.v2/app.go:578.70,584.2 4 0
gopkg.in/alecthomas/kingpin.v2/app.go:588.100,590.51 2 0
gopkg.in/alecthomas/kingpin.v2/app.go:590.51,591.13 1 0
gopkg.in/alecthomas/kingpin.v2/app.go:593.2,593.16 1 0
gopkg.in/alecthomas/kingpin.v2/app.go:598.83,599.16 1 0
gopkg.in/alecthomas/kingpin.v2/app.go:599.16,601.19 2 0
gopkg.in/alecthomas/kingpin.v2/app.go:601.19,603.4 1 0
gopkg.in/alecthomas/kingpin.v2/app.go:604.3,605.17 2 0
gopkg.in/alecthomas/kingpin.v2/app.go:609.73,619.17 4 45
gopkg.in/alecthomas/kingpin.v2/app.go:619.17,622.3 2 31
gopkg.in/alecthomas/kingpin.v2/app.go:623.2,623.17 1 45
gopkg.in/alecthomas/kingpin.v2/app.go:623.17,625.3 1 22
gopkg.in/alecthomas/kingpin.v2/app.go:627.2,628.36 2 45
gopkg.in/alecthomas/kingpin.v2/app.go:628.36,631.3 1 33
gopkg.in/alecthomas/kingpin.v2/app.go:633.2,633.93 1 45
gopkg.in/alecthomas/kingpin.v2/app.go:633.93,640.76 2 20
gopkg.in/alecthomas/kingpin.v2/app.go:640.76,645.4 2 6
gopkg.in/alecthomas/kingpin.v2/app.go:645.9,645.46 1 14
gopkg.in/alecthomas/kingpin.v2/app.go:645.46,650.4 1 14
gopkg.in/alecthomas/kingpin.v2/app.go:652.3,653.19 2 20
gopkg.in/alecthomas/kingpin.v2/app.go:653.19,656.4 1 4
gopkg.in/alecthomas/kingpin.v2/app.go:659.3,659.53 1 16
gopkg.in/alecthomas/kingpin.v2/app.go:659.53,661.23 2 8
gopkg.in/alecthomas/kingpin.v2/app.go:661.23,664.5 1 1
gopkg.in/alecthomas/kingpin.v2/app.go:666.4,666.22 1 7
gopkg.in/alecthomas/kingpin.v2/app.go:666.22,669.5 1 2
gopkg.in/alecthomas/kingpin.v2/app.go:669.10,672.5 1 5
gopkg.in/alecthomas/kingpin.v2/app.go:674.3,674.17 1 15
gopkg.in/alecthomas/kingpin.v2/app.go:678.2,678.38 1 25
gopkg.in/alecthomas/kingpin.v2/app.go:681.69,684.2 2 0
gopkg.in/alecthomas/kingpin.v2/app.go:686.41,688.2 1 8
gopkg.in/alecthomas/kingpin.v2/args.go:11.30,13.2 1 329
gopkg.in/alecthomas/kingpin.v2/args.go:15.32,17.2 1 248
gopkg.in/alecthomas/kingpin.v2/args.go:23.51,24.29 1 0
gopkg.in/alecthomas/kingpin.v2/args.go:24.29,25.23 1 0
gopkg.in/alecthomas/kingpin.v2/args.go:25.23,27.4 1 0
gopkg.in/alecthomas/kingpin.v2/args.go:29.2,29.12 1 0
gopkg.in/alecthomas/kingpin.v2/args.go:32.54,36.2 3 83
gopkg.in/alecthomas/kingpin.v2/args.go:38.33,42.29 4 237
gopkg.in/alecthomas/kingpin.v2/args.go:42.29,43.28 1 119
gopkg.in/alecthomas/kingpin.v2/args.go:43.28,45.4 1 1
gopkg.in/alecthomas/kingpin.v2/args.go:46.3,46.30 1 118
gopkg.in/alecthomas/kingpin.v2/args.go:46.30,48.4 1 56
gopkg.in/alecthomas/kingpin.v2/args.go:49.3,49.34 1 118
gopkg.in/alecthomas/kingpin.v2/args.go:49.34,51.4 1 0
gopkg.in/alecthomas/kingpin.v2/args.go:52.3,53.36 2 118
gopkg.in/alecthomas/kingpin.v2/args.go:53.36,55.4 1 1
gopkg.in/alecthomas/kingpin.v2/args.go:56.3,56.19 1 117
gopkg.in/alecthomas/kingpin.v2/args.go:56.19,58.4 1 14
gopkg.in/alecthomas/kingpin.v2/args.go:59.3,59.36 1 117
gopkg.in/alecthomas/kingpin.v2/args.go:59.36,61.4 1 0
gopkg.in/alecthomas/kingpin.v2/args.go:63.2,63.12 1 235
gopkg.in/alecthomas/kingpin.v2/args.go:77.43,83.2 2 83
gopkg.in/alecthomas/kingpin.v2/args.go:85.40,86.23 1 15
gopkg.in/alecthomas/kingpin.v2/args.go:86.23,87.64 1 2
gopkg.in/alecthomas/kingpin.v2/args.go:87.64,90.4 1 2
gopkg.in/alecthomas/kingpin.v2/args.go:91.3,91.48 1 0
gopkg.in/alecthomas/kingpin.v2/args.go:91.48,92.45 1 0
gopkg.in/alecthomas/kingpin.v2/args.go:92.45,94.5 1 0
gopkg.in/alecthomas/kingpin.v2/args.go:96.3,96.13 1 0
gopkg.in/alecthomas/kingpin.v2/args.go:99.2,99.30 1 13
gopkg.in/alecthomas/kingpin.v2/args.go:99.30,100.48 1 3
gopkg.in/alecthomas/kingpin.v2/args.go:100.48,101.52 1 4
gopkg.in/alecthomas/kingpin.v2/args.go:101.52,103.5 1 2
gopkg.in/alecthomas/kingpin.v2/args.go:105.3,105.13 1 1
gopkg.in/alecthomas/kingpin.v2/args.go:108.2,108.12 1 10
gopkg.in/alecthomas/kingpin.v2/args.go:111.39,114.2 2 11
gopkg.in/alecthomas/kingpin.v2/args.go:116.46,117.41 1 274
gopkg.in/alecthomas/kingpin.v2/args.go:117.41,119.3 1 67
gopkg.in/alecthomas/kingpin.v2/args.go:120.2,120.14 1 207
gopkg.in/alecthomas/kingpin.v2/args.go:124.43,127.2 2 12
gopkg.in/alecthomas/kingpin.v2/args.go:130.58,133.2 2 3
gopkg.in/alecthomas/kingpin.v2/args.go:138.51,142.2 3 3
gopkg.in/alecthomas/kingpin.v2/args.go:146.42,150.2 3 0
gopkg.in/alecthomas/kingpin.v2/args.go:152.54,155.2 2 0
gopkg.in/alecthomas/kingpin.v2/args.go:157.57,160.2 2 0
gopkg.in/alecthomas/kingpin.v2/args.go:163.62,166.2 2 1
gopkg.in/alecthomas/kingpin.v2/args.go:169.63,170.34 1 4
gopkg.in/alecthomas/kingpin.v2/args.go:170.34,172.3 1 11
gopkg.in/alecthomas/kingpin.v2/args.go:173.2,173.10 1 4
gopkg.in/alecthomas/kingpin.v2/args.go:176.34,177.44 1 117
gopkg.in/alecthomas/kingpin.v2/args.go:177.44,179.3 1 0
gopkg.in/alecthomas/kingpin.v2/args.go:180.2,180.20 1 117
gopkg.in/alecthomas/kingpin.v2/args.go:180.20,182.3 1 0
gopkg.in/alecthomas/kingpin.v2/args.go:183.2,183.12 1 117
gopkg.in/alecthomas/kingpin.v2/cmd.go:17.66,24.38 3 30
gopkg.in/alecthomas/kingpin.v2/cmd.go:24.38,25.37 1 78
gopkg.in/alecthomas/kingpin.v2/cmd.go:26.19,27.42 1 16
gopkg.in/alecthomas/kingpin.v2/cmd.go:27.42,29.5 1 12
gopkg.in/alecthomas/kingpin.v2/cmd.go:30.19,31.55 1 46
gopkg.in/alecthomas/kingpin.v2/cmd.go:32.11,32.11 0 16
gopkg.in/alecthomas/kingpin.v2/cmd.go:36.2,36.42 1 30
gopkg.in/alecthomas/kingpin.v2/cmd.go:36.42,39.3 1 14
gopkg.in/alecthomas/kingpin.v2/cmd.go:39.8,41.47 1 16
gopkg.in/alecthomas/kingpin.v2/cmd.go:41.47,42.19 1 27
gopkg.in/alecthomas/kingpin.v2/cmd.go:42.19,44.5 1 23
gopkg.in/alecthomas/kingpin.v2/cmd.go:48.2,48.16 1 30
gopkg.in/alecthomas/kingpin.v2/cmd.go:51.123,58.45 2 34
gopkg.in/alecthomas/kingpin.v2/cmd.go:58.45,60.28 1 165
gopkg.in/alecthomas/kingpin.v2/cmd.go:60.28,63.25 2 14
gopkg.in/alecthomas/kingpin.v2/cmd.go:63.25,66.5 1 3
gopkg.in/alecthomas/kingpin.v2/cmd.go:69.4,72.32 3 11
gopkg.in/alecthomas/kingpin.v2/cmd.go:72.32,73.25 1 33
gopkg.in/alecthomas/kingpin.v2/cmd.go:73.25,75.6 1 4
gopkg.in/alecthomas/kingpin.v2/cmd.go:75.11,75.49 1 29
gopkg.in/alecthomas/kingpin.v2/cmd.go:75.49,77.6 1 21
gopkg.in/alecthomas/kingpin.v2/cmd.go:82.4,82.46 1 11
gopkg.in/alecthomas/kingpin.v2/cmd.go:85.3,85.19 1 151
gopkg.in/alecthomas/kingpin.v2/cmd.go:85.19,87.4 1 66
gopkg.in/alecthomas/kingpin.v2/cmd.go:90.2,90.30 1 20
gopkg.in/alecthomas/kingpin.v2/cmd.go:101.51,102.37 1 397
gopkg.in/alecthomas/kingpin.v2/cmd.go:102.37,103.20 1 215
gopkg.in/alecthomas/kingpin.v2/cmd.go:103.20,105.4 1 44
gopkg.in/alecthomas/kingpin.v2/cmd.go:107.2,107.12 1 353
gopkg.in/alecthomas/kingpin.v2/cmd.go:110.40,112.37 2 27
gopkg.in/alecthomas/kingpin.v2/cmd.go:112.37,114.3 1 50
gopkg.in/alecthomas/kingpin.v2/cmd.go:115.2,115.14 1 27
gopkg.in/alecthomas/kingpin.v2/cmd.go:122.55,124.2 1 0
gopkg.in/alecthomas/kingpin.v2/cmd.go:126.46,131.2 1 192
gopkg.in/alecthomas/kingpin.v2/cmd.go:133.59,134.37 1 0
gopkg.in/alecthomas/kingpin.v2/cmd.go:134.37,135.29 1 0
gopkg.in/alecthomas/kingpin.v2/cmd.go:135.29,137.4 1 0
gopkg.in/alecthomas/kingpin.v2/cmd.go:138.3,138.48 1 0
gopkg.in/alecthomas/kingpin.v2/cmd.go:140.2,140.8 1 0
gopkg.in/alecthomas/kingpin.v2/cmd.go:143.61,148.2 4 97
gopkg.in/alecthomas/kingpin.v2/cmd.go:150.33,152.47 2 238
gopkg.in/alecthomas/kingpin.v2/cmd.go:152.47,154.3 1 0
gopkg.in/alecthomas/kingpin.v2/cmd.go:155.2,156.37 2 238
gopkg.in/alecthomas/kingpin.v2/cmd.go:156.37,157.20 1 106
gopkg.in/alecthomas/kingpin.v2/cmd.go:157.20,159.4 1 18
gopkg.in/alecthomas/kingpin.v2/cmd.go:160.3,160.21 1 106
gopkg.in/alecthomas/kingpin.v2/cmd.go:160.21,162.4 1 0
gopkg.in/alecthomas/kingpin.v2/cmd.go:163.3,164.37 2 106
gopkg.in/alecthomas/kingpin.v2/cmd.go:164.37,165.19 1 2
gopkg.in/alecthomas/kingpin.v2/cmd.go:165.19,167.5 1 1
gopkg.in/alecthomas/kingpin.v2/cmd.go:168.4,168.27 1 1
gopkg.in/alecthomas/kingpin.v2/cmd.go:170.3,170.36 1 105
gopkg.in/alecthomas/kingpin.v2/cmd.go:170.36,172.4 1 1
gopkg.in/alecthomas/kingpin.v2/cmd.go:174.2,174.23 1 236
gopkg.in/alecthomas/kingpin.v2/cmd.go:174.23,176.3 1 1
gopkg.in/alecthomas/kingpin.v2/cmd.go:177.2,177.12 1 235
gopkg.in/alecthomas/kingpin.v2/cmd.go:180.32,182.2 1 423
gopkg.in/alecthomas/kingpin.v2/cmd.go:200.65,210.2 5 97
gopkg.in/alecthomas/kingpin.v2/cmd.go:213.51,216.2 2 2
gopkg.in/alecthomas/kingpin.v2/cmd.go:219.71,222.2 2 0
gopkg.in/alecthomas/kingpin.v2/cmd.go:224.42,226.44 2 17
gopkg.in/alecthomas/kingpin.v2/cmd.go:226.44,228.3 1 0
gopkg.in/alecthomas/kingpin.v2/cmd.go:229.2,229.31 1 17
gopkg.in/alecthomas/kingpin.v2/cmd.go:233.59,237.2 3 26
gopkg.in/alecthomas/kingpin.v2/cmd.go:240.42,243.2 2 12
gopkg.in/alecthomas/kingpin.v2/cmd.go:245.54,248.2 2 1
gopkg.in/alecthomas/kingpin.v2/cmd.go:250.57,253.2 2 27
gopkg.in/alecthomas/kingpin.v2/cmd.go:255.34,256.69 1 162
gopkg.in/alecthomas/kingpin.v2/cmd.go:256.69,258.3 1 0
gopkg.in/alecthomas/kingpin.v2/cmd.go:259.2,259.44 1 162
gopkg.in/alecthomas/kingpin.v2/cmd.go:259.44,261.3 1 0
gopkg.in/alecthomas/kingpin.v2/cmd.go:262.2,262.42 1 162
gopkg.in/alecthomas/kingpin.v2/cmd.go:262.42,264.3 1 1
gopkg.in/alecthomas/kingpin.v2/cmd.go:265.2,265.42 1 161
gopkg.in/alecthomas/kingpin.v2/cmd.go:265.42,267.3 1 0
gopkg.in/alecthomas/kingpin.v2/cmd.go:268.2,268.12 1 161
gopkg.in/alecthomas/kingpin.v2/cmd.go:271.41,274.2 2 5
gopkg.in/alecthomas/kingpin.v2/completions.go:11.61,13.2 1 21
gopkg.in/alecthomas/kingpin.v2/completions.go:16.68,18.2 1 7
gopkg.in/alecthomas/kingpin.v2/completions.go:20.58,24.28 3 44
gopkg.in/alecthomas/kingpin.v2/completions.go:24.28,27.3 1 35
gopkg.in/alecthomas/kingpin.v2/completions.go:29.2,29.37 1 44
gopkg.in/alecthomas/kingpin.v2/completions.go:29.37,31.3 1 44
gopkg.in/alecthomas/kingpin.v2/completions.go:32.2,32.14 1 44
gopkg.in/alecthomas/kingpin.v2/envar.go:19.43,21.2 1 545
gopkg.in/alecthomas/kingpin.v2/envar.go:23.45,24.32 1 553
gopkg.in/alecthomas/kingpin.v2/envar.go:24.32,26.3 1 521
gopkg.in/alecthomas/kingpin.v2/envar.go:27.2,27.27 1 32
gopkg.in/alecthomas/kingpin.v2/envar.go:30.52,34.22 3 2
gopkg.in/alecthomas/kingpin.v2/envar.go:34.22,36.3 1 0
gopkg.in/alecthomas/kingpin.v2/envar.go:39.2,40.64 2 2
gopkg.in/alecthomas/kingpin.v2/envar.go:40.64,42.3 1 4
gopkg.in/alecthomas/kingpin.v2/envar.go:44.2,44.15 1 2
gopkg.in/alecthomas/kingpin.v2/flags.go:14.32,19.2 1 331
gopkg.in/alecthomas/kingpin.v2/flags.go:25.54,27.2 1 1
gopkg.in/alecthomas/kingpin.v2/flags.go:30.57,35.2 4 659
gopkg.in/alecthomas/kingpin.v2/flags.go:37.59,38.44 1 245
gopkg.in/alecthomas/kingpin.v2/flags.go:38.44,40.3 1 2
gopkg.in/alecthomas/kingpin.v2/flags.go:41.2,41.30 1 243
gopkg.in/alecthomas/kingpin.v2/flags.go:41.30,42.68 1 548
gopkg.in/alecthomas/kingpin.v2/flags.go:42.68,44.4 1 8
gopkg.in/alecthomas/kingpin.v2/flags.go:45.3,45.37 1 548
gopkg.in/alecthomas/kingpin.v2/flags.go:45.37,47.4 1 1
gopkg.in/alecthomas/kingpin.v2/flags.go:48.3,48.26 1 547
gopkg.in/alecthomas/kingpin.v2/flags.go:48.26,50.4 1 18
gopkg.in/alecthomas/kingpin.v2/flags.go:52.2,52.12 1 242
gopkg.in/alecthomas/kingpin.v2/flags.go:55.45,58.35 3 245
gopkg.in/alecthomas/kingpin.v2/flags.go:58.35,59.26 1 566
gopkg.in/alecthomas/kingpin.v2/flags.go:59.26,60.46 1 20
gopkg.in/alecthomas/kingpin.v2/flags.go:60.46,62.5 1 1
gopkg.in/alecthomas/kingpin.v2/flags.go:63.4,63.36 1 19
gopkg.in/alecthomas/kingpin.v2/flags.go:65.3,65.39 1 565
gopkg.in/alecthomas/kingpin.v2/flags.go:65.39,67.4 1 1
gopkg.in/alecthomas/kingpin.v2/flags.go:68.3,68.29 1 564
gopkg.in/alecthomas/kingpin.v2/flags.go:70.2,70.12 1 243
gopkg.in/alecthomas/kingpin.v2/flags.go:73.71,77.6 2 97
gopkg.in/alecthomas/kingpin.v2/flags.go:77.6,79.21 2 97
gopkg.in/alecthomas/kingpin.v2/flags.go:80.17,81.14 1 0
gopkg.in/alecthomas/kingpin.v2/flags.go:83.30,91.31 7 97
gopkg.in/alecthomas/kingpin.v2/flags.go:91.31,93.12 2 84
gopkg.in/alecthomas/kingpin.v2/flags.go:93.12,94.40 1 9
gopkg.in/alecthomas/kingpin.v2/flags.go:94.40,97.7 2 2
gopkg.in/alecthomas/kingpin.v2/flags.go:98.6,98.29 1 9
gopkg.in/alecthomas/kingpin.v2/flags.go:100.5,100.12 1 84
gopkg.in/alecthomas/kingpin.v2/flags.go:100.12,102.6 1 7
gopkg.in/alecthomas/kingpin.v2/flags.go:103.10,105.12 2 13
gopkg.in/alecthomas/kingpin.v2/flags.go:105.12,107.6 1 2
gopkg.in/alecthomas/kingpin.v2/flags.go:110.4,113.29 3 88
gopkg.in/alecthomas/kingpin.v2/flags.go:113.29,114.15 1 48
gopkg.in/alecthomas/kingpin.v2/flags.go:114.15,116.6 1 1
gopkg.in/alecthomas/kingpin.v2/flags.go:116.11,118.6 1 47
gopkg.in/alecthomas/kingpin.v2/flags.go:119.10,120.15 1 40
gopkg.in/alecthomas/kingpin.v2/flags.go:120.15,123.6 2 1
gopkg.in/alecthomas/kingpin.v2/flags.go:124.5,125.31 2 39
gopkg.in/alecthomas/kingpin.v2/flags.go:125.31,128.6 2 6
gopkg.in/alecthomas/kingpin.v2/flags.go:129.5,130.31 2 33
gopkg.in/alecthomas/kingpin.v2/flags.go:133.4,134.20 2 81
gopkg.in/alecthomas/kingpin.v2/flags.go:136.11,137.14 1 0
gopkg.in/alecthomas/kingpin.v2/flags.go:140.2,140.17 1 0
gopkg.in/alecthomas/kingpin.v2/flags.go:157.45,163.2 2 659
gopkg.in/alecthomas/kingpin.v2/flags.go:165.41,166.23 1 518
gopkg.in/alecthomas/kingpin.v2/flags.go:166.23,167.66 1 6
gopkg.in/alecthomas/kingpin.v2/flags.go:167.66,170.4 1 4
gopkg.in/alecthomas/kingpin.v2/flags.go:170.9,171.49 1 2
gopkg.in/alecthomas/kingpin.v2/flags.go:171.49,172.46 1 4
gopkg.in/alecthomas/kingpin.v2/flags.go:172.46,174.6 1 0
gopkg.in/alecthomas/kingpin.v2/flags.go:176.4,176.14 1 2
gopkg.in/alecthomas/kingpin.v2/flags.go:180.2,180.30 1 512
gopkg.in/alecthomas/kingpin.v2/flags.go:180.30,181.48 1 6
gopkg.in/alecthomas/kingpin.v2/flags.go:181.48,182.52 1 7
gopkg.in/alecthomas/kingpin.v2/flags.go:182.52,184.5 1 2
gopkg.in/alecthomas/kingpin.v2/flags.go:186.3,186.13 1 4
gopkg.in/alecthomas/kingpin.v2/flags.go:189.2,189.12 1 506
gopkg.in/alecthomas/kingpin.v2/flags.go:192.40,195.2 2 457
gopkg.in/alecthomas/kingpin.v2/flags.go:197.35,198.44 1 548
gopkg.in/alecthomas/kingpin.v2/flags.go:198.44,200.3 1 0
gopkg.in/alecthomas/kingpin.v2/flags.go:201.2,201.20 1 548
gopkg.in/alecthomas/kingpin.v2/flags.go:201.20,203.3 1 0
gopkg.in/alecthomas/kingpin.v2/flags.go:204.2,204.95 1 548
gopkg.in/alecthomas/kingpin.v2/flags.go:204.95,206.3 1 1
gopkg.in/alecthomas/kingpin.v2/flags.go:207.2,207.12 1 547
gopkg.in/alecthomas/kingpin.v2/flags.go:211.56,214.2 2 0
gopkg.in/alecthomas/kingpin.v2/flags.go:216.59,219.2 2 382
gopkg.in/alecthomas/kingpin.v2/flags.go:222.64,225.2 2 6
gopkg.in/alecthomas/kingpin.v2/flags.go:228.65,229.34 1 9
gopkg.in/alecthomas/kingpin.v2/flags.go:229.34,231.3 1 17
gopkg.in/alecthomas/kingpin.v2/flags.go:232.2,232.10 1 9
gopkg.in/alecthomas/kingpin.v2/flags.go:235.65,237.41 2 3
gopkg.in/alecthomas/kingpin.v2/flags.go:237.41,239.3 1 1
gopkg.in/alecthomas/kingpin.v2/flags.go:242.63,243.41 1 3
gopkg.in/alecthomas/kingpin.v2/flags.go:243.41,245.3 1 1
gopkg.in/alecthomas/kingpin.v2/flags.go:246.2,246.39 1 3
gopkg.in/alecthomas/kingpin.v2/flags.go:250.60,253.2 2 10
gopkg.in/alecthomas/kingpin.v2/flags.go:256.73,258.2 1 1
gopkg.in/alecthomas/kingpin.v2/flags.go:263.53,267.2 3 7
gopkg.in/alecthomas/kingpin.v2/flags.go:271.44,275.2 3 1
gopkg.in/alecthomas/kingpin.v2/flags.go:280.66,283.2 2 0
gopkg.in/alecthomas/kingpin.v2/flags.go:286.43,289.2 2 475
gopkg.in/alecthomas/kingpin.v2/flags.go:292.45,295.2 2 6
gopkg.in/alecthomas/kingpin.v2/flags.go:298.51,301.2 2 17
gopkg.in/alecthomas/kingpin.v2/flags.go:304.44,308.2 3 500
gopkg.in/alecthomas/kingpin.v2/global.go:20.44,22.2 1 0
gopkg.in/alecthomas/kingpin.v2/global.go:25.42,27.2 1 0
gopkg.in/alecthomas/kingpin.v2/global.go:30.40,32.2 1 0
gopkg.in/alecthomas/kingpin.v2/global.go:36.21,38.51 2 0
gopkg.in/alecthomas/kingpin.v2/global.go:38.51,41.3 2 0
gopkg.in/alecthomas/kingpin.v2/global.go:42.2,42.17 1 0
gopkg.in/alecthomas/kingpin.v2/global.go:46.49,48.2 1 0
gopkg.in/alecthomas/kingpin.v2/global.go:51.49,53.2 1 0
gopkg.in/alecthomas/kingpin.v2/global.go:57.66,59.2 1 0
gopkg.in/alecthomas/kingpin.v2/global.go:63.53,65.2 1 0
gopkg.in/alecthomas/kingpin.v2/global.go:69.83,71.2 1 0
gopkg.in/alecthomas/kingpin.v2/global.go:74.14,76.2 1 0
gopkg.in/alecthomas/kingpin.v2/global.go:79.50,81.2 1 0
gopkg.in/alecthomas/kingpin.v2/global.go:84.50,85.16 1 0
gopkg.in/alecthomas/kingpin.v2/global.go:85.16,87.3 1 0
gopkg.in/alecthomas/kingpin.v2/global.go:88.2,88.16 1 0
gopkg.in/alecthomas/kingpin.v2/global.go:92.43,94.2 1 0
gopkg.in/alecthomas/kingpin.v2/guesswidth_unix.go:13.34,17.19 2 5
gopkg.in/alecthomas/kingpin.v2/guesswidth_unix.go:17.19,18.53 1 0
gopkg.in/alecthomas/kingpin.v2/guesswidth_unix.go:18.53,20.4 1 0
gopkg.in/alecthomas/kingpin.v2/guesswidth_unix.go:23.2,23.31 1 5
gopkg.in/alecthomas/kingpin.v2/guesswidth_unix.go:23.31,33.15 3 0
gopkg.in/alecthomas/kingpin.v2/guesswidth_unix.go:33.15,35.4 1 0
gopkg.in/alecthomas/kingpin.v2/guesswidth_unix.go:37.2,37.11 1 5
gopkg.in/alecthomas/kingpin.v2/model.go:15.47,18.31 3 20
gopkg.in/alecthomas/kingpin.v2/model.go:18.31,19.26 1 60
gopkg.in/alecthomas/kingpin.v2/model.go:19.26,21.4 1 50
gopkg.in/alecthomas/kingpin.v2/model.go:22.3,22.20 1 60
gopkg.in/alecthomas/kingpin.v2/model.go:22.20,23.25 1 0
gopkg.in/alecthomas/kingpin.v2/model.go:23.25,25.5 1 0
gopkg.in/alecthomas/kingpin.v2/model.go:25.10,27.5 1 0
gopkg.in/alecthomas/kingpin.v2/model.go:30.2,30.23 1 20
gopkg.in/alecthomas/kingpin.v2/model.go:30.23,32.3 1 10
gopkg.in/alecthomas/kingpin.v2/model.go:33.2,33.31 1 20
gopkg.in/alecthomas/kingpin.v2/model.go:48.37,50.2 1 0
gopkg.in/alecthomas/kingpin.v2/model.go:52.39,53.38 1 5
gopkg.in/alecthomas/kingpin.v2/model.go:53.38,55.3 1 5
gopkg.in/alecthomas/kingpin.v2/model.go:56.2,56.14 1 0
gopkg.in/alecthomas/kingpin.v2/model.go:59.48,60.25 1 0
gopkg.in/alecthomas/kingpin.v2/model.go:60.25,62.3 1 0
gopkg.in/alecthomas/kingpin.v2/model.go:63.2,63.24 1 0
gopkg.in/alecthomas/kingpin.v2/model.go:63.24,65.25 2 0
gopkg.in/alecthomas/kingpin.v2/model.go:65.25,67.4 1 0
gopkg.in/alecthomas/kingpin.v2/model.go:68.3,68.42 1 0
gopkg.in/alecthomas/kingpin.v2/model.go:68.42,70.4 1 0
gopkg.in/alecthomas/kingpin.v2/model.go:71.3,71.33 1 0
gopkg.in/alecthomas/kingpin.v2/model.go:73.2,73.32 1 0
gopkg.in/alecthomas/kingpin.v2/model.go:80.45,83.29 3 0
gopkg.in/alecthomas/kingpin.v2/model.go:83.29,85.20 2 0
gopkg.in/alecthomas/kingpin.v2/model.go:85.20,88.4 2 0
gopkg.in/alecthomas/kingpin.v2/model.go:89.3,89.23 1 0
gopkg.in/alecthomas/kingpin.v2/model.go:91.2,92.31 2 0
gopkg.in/alecthomas/kingpin.v2/model.go:104.36,106.2 1 0
gopkg.in/alecthomas/kingpin.v2/model.go:112.63,113.33 1 18
gopkg.in/alecthomas/kingpin.v2/model.go:113.33,114.29 1 13
gopkg.in/alecthomas/kingpin.v2/model.go:114.29,116.4 1 13
gopkg.in/alecthomas/kingpin.v2/model.go:117.3,117.48 1 13
gopkg.in/alecthomas/kingpin.v2/model.go:119.2,119.8 1 18
gopkg.in/alecthomas/kingpin.v2/model.go:135.36,137.2 1 0
gopkg.in/alecthomas/kingpin.v2/model.go:149.49,159.2 1 6
gopkg.in/alecthomas/kingpin.v2/model.go:161.43,163.29 2 27
gopkg.in/alecthomas/kingpin.v2/model.go:163.29,165.3 1 10
gopkg.in/alecthomas/kingpin.v2/model.go:166.2,166.10 1 27
gopkg.in/alecthomas/kingpin.v2/model.go:169.39,178.2 1 10
gopkg.in/alecthomas/kingpin.v2/model.go:180.45,182.33 2 27
gopkg.in/alecthomas/kingpin.v2/model.go:182.33,184.3 1 66
gopkg.in/alecthomas/kingpin.v2/model.go:185.2,185.10 1 27
gopkg.in/alecthomas/kingpin.v2/model.go:188.41,200.2 1 66
gopkg.in/alecthomas/kingpin.v2/model.go:202.43,204.36 2 22
gopkg.in/alecthomas/kingpin.v2/model.go:204.36,206.3 1 16
gopkg.in/alecthomas/kingpin.v2/model.go:207.2,207.10 1 22
gopkg.in/alecthomas/kingpin.v2/model.go:210.39,212.37 2 16
gopkg.in/alecthomas/kingpin.v2/model.go:212.37,214.3 1 16
gopkg.in/alecthomas/kingpin.v2/model.go:215.2,226.3 1 16
gopkg.in/alecthomas/kingpin.v2/parser.go:22.36,23.11 1 0
gopkg.in/alecthomas/kingpin.v2/parser.go:24.18,25.22 1 0
gopkg.in/alecthomas/kingpin.v2/parser.go:26.17,27.21 1 0
gopkg.in/alecthomas/kingpin.v2/parser.go:28.16,29.20 1 0
gopkg.in/alecthomas/kingpin.v2/parser.go:30.18,31.17 1 0
gopkg.in/alecthomas/kingpin.v2/parser.go:32.16,33.17 1 0
gopkg.in/alecthomas/kingpin.v2/parser.go:35.2,35.12 1 0
gopkg.in/alecthomas/kingpin.v2/parser.go:48.38,50.2 1 0
gopkg.in/alecthomas/kingpin.v2/parser.go:52.31,54.2 1 0
gopkg.in/alecthomas/kingpin.v2/parser.go:56.30,58.2 1 0
gopkg.in/alecthomas/kingpin.v2/parser.go:60.33,61.16 1 147
gopkg.in/alecthomas/kingpin.v2/parser.go:62.18,63.23 1 2
gopkg.in/alecthomas/kingpin.v2/parser.go:64.17,65.24 1 14
gopkg.in/alecthomas/kingpin.v2/parser.go:66.16,67.17 1 131
gopkg.in/alecthomas/kingpin.v2/parser.go:68.18,69.29 1 0
gopkg.in/alecthomas/kingpin.v2/parser.go:70.16,71.17 1 0
gopkg.in/alecthomas/kingpin.v2/parser.go:72.10,73.26 1 0
gopkg.in/alecthomas/kingpin.v2/parser.go:104.45,105.42 1 221
gopkg.in/alecthomas/kingpin.v2/parser.go:105.42,107.3 1 115
gopkg.in/alecthomas/kingpin.v2/parser.go:108.2,109.30 2 106
gopkg.in/alecthomas/kingpin.v2/parser.go:109.30,111.3 1 98
gopkg.in/alecthomas/kingpin.v2/parser.go:112.2,112.12 1 106
gopkg.in/alecthomas/kingpin.v2/parser.go:115.31,118.2 2 242
gopkg.in/alecthomas/kingpin.v2/parser.go:122.47,124.2 1 0
gopkg.in/alecthomas/kingpin.v2/parser.go:126.64,134.2 1 136
gopkg.in/alecthomas/kingpin.v2/parser.go:136.53,137.39 1 222
gopkg.in/alecthomas/kingpin.v2/parser.go:137.39,138.26 1 948
gopkg.in/alecthomas/kingpin.v2/parser.go:138.26,140.4 1 16
gopkg.in/alecthomas/kingpin.v2/parser.go:141.3,142.54 2 948
gopkg.in/alecthomas/kingpin.v2/parser.go:146.50,147.32 1 222
gopkg.in/alecthomas/kingpin.v2/parser.go:147.32,149.3 1 102
gopkg.in/alecthomas/kingpin.v2/parser.go:152.35,154.2 1 541
gopkg.in/alecthomas/kingpin.v2/parser.go:156.37,158.2 1 346
gopkg.in/alecthomas/kingpin.v2/parser.go:161.38,162.21 1 609
gopkg.in/alecthomas/kingpin.v2/parser.go:162.21,164.3 1 242
gopkg.in/alecthomas/kingpin.v2/parser.go:167.2,167.22 1 367
gopkg.in/alecthomas/kingpin.v2/parser.go:167.22,169.3 1 125
gopkg.in/alecthomas/kingpin.v2/parser.go:171.2,174.16 3 242
gopkg.in/alecthomas/kingpin.v2/parser.go:174.16,176.3 1 1
gopkg.in/alecthomas/kingpin.v2/parser.go:179.2,179.17 1 241
gopkg.in/alecthomas/kingpin.v2/parser.go:179.17,182.3 2 7
gopkg.in/alecthomas/kingpin.v2/parser.go:184.2,184.34 1 234
gopkg.in/alecthomas/kingpin.v2/parser.go:184.34,187.22 3 80
gopkg.in/alecthomas/kingpin.v2/parser.go:187.22,189.4 1 16
gopkg.in/alecthomas/kingpin.v2/parser.go:190.3,190.15 1 80
gopkg.in/alecthomas/kingpin.v2/parser.go:193.2,193.33 1 154
gopkg.in/alecthomas/kingpin.v2/parser.go:193.33,194.20 1 13
gopkg.in/alecthomas/kingpin.v2/parser.go:194.20,196.4 1 1
gopkg.in/alecthomas/kingpin.v2/parser.go:197.3,201.10 4 12
gopkg.in/alecthomas/kingpin.v2/parser.go:201.11,202.4 0 1
gopkg.in/alecthomas/kingpin.v2/parser.go:202.9,202.68 1 11
gopkg.in/alecthomas/kingpin.v2/parser.go:202.69,204.4 0 7
gopkg.in/alecthomas/kingpin.v2/parser.go:204.9,207.25 2 4
gopkg.in/alecthomas/kingpin.v2/parser.go:207.25,209.5 1 3
gopkg.in/alecthomas/kingpin.v2/parser.go:210.4,210.16 1 4
gopkg.in/alecthomas/kingpin.v2/parser.go:213.3,213.24 1 8
gopkg.in/alecthomas/kingpin.v2/parser.go:213.24,215.4 1 4
gopkg.in/alecthomas/kingpin.v2/parser.go:216.3,216.43 1 8
gopkg.in/alecthomas/kingpin.v2/parser.go:217.8,217.40 1 141
gopkg.in/alecthomas/kingpin.v2/parser.go:217.40,219.17 2 5
gopkg.in/alecthomas/kingpin.v2/parser.go:219.17,221.4 1 0
gopkg.in/alecthomas/kingpin.v2/parser.go:222.3,222.23 1 5
gopkg.in/alecthomas/kingpin.v2/parser.go:222.23,224.4 1 2
gopkg.in/alecthomas/kingpin.v2/parser.go:224.9,226.4 1 3
gopkg.in/alecthomas/kingpin.v2/parser.go:227.3,227.18 1 5
gopkg.in/alecthomas/kingpin.v2/parser.go:230.2,230.38 1 136
gopkg.in/alecthomas/kingpin.v2/parser.go:233.38,234.22 1 1250
gopkg.in/alecthomas/kingpin.v2/parser.go:234.22,236.3 1 353
gopkg.in/alecthomas/kingpin.v2/parser.go:237.2,237.30 1 897
gopkg.in/alecthomas/kingpin.v2/parser.go:240.50,243.2 2 381
gopkg.in/alecthomas/kingpin.v2/parser.go:245.37,250.2 4 242
gopkg.in/alecthomas/kingpin.v2/parser.go:252.40,254.2 1 0
gopkg.in/alecthomas/kingpin.v2/parser.go:256.68,258.2 1 81
gopkg.in/alecthomas/kingpin.v2/parser.go:260.65,262.2 1 56
gopkg.in/alecthomas/kingpin.v2/parser.go:264.51,269.2 4 90
gopkg.in/alecthomas/kingpin.v2/parser.go:272.68,273.20 1 5
gopkg.in/alecthomas/kingpin.v2/parser.go:273.20,275.3 1 0
gopkg.in/alecthomas/kingpin.v2/parser.go:276.2,277.16 2 5
gopkg.in/alecthomas/kingpin.v2/parser.go:277.16,279.3 1 0
gopkg.in/alecthomas/kingpin.v2/parser.go:280.2,282.21 3 5
gopkg.in/alecthomas/kingpin.v2/parser.go:282.21,284.35 2 10
gopkg.in/alecthomas/kingpin.v2/parser.go:284.35,285.12 1 0
gopkg.in/alecthomas/kingpin.v2/parser.go:287.3,287.26 1 10
gopkg.in/alecthomas/kingpin.v2/parser.go:289.2,290.16 2 5
gopkg.in/alecthomas/kingpin.v2/parser.go:290.16,292.3 1 0
gopkg.in/alecthomas/kingpin.v2/parser.go:293.2,293.8 1 5
gopkg.in/alecthomas/kingpin.v2/parser.go:296.65,304.41 5 132
gopkg.in/alecthomas/kingpin.v2/parser.go:304.41,307.21 2 225
gopkg.in/alecthomas/kingpin.v2/parser.go:308.30,309.61 1 94
gopkg.in/alecthomas/kingpin.v2/parser.go:309.61,310.23 1 15
gopkg.in/alecthomas/kingpin.v2/parser.go:310.23,311.53 1 15
gopkg.in/alecthomas/kingpin.v2/parser.go:311.53,315.12 4 4
gopkg.in/alecthomas/kingpin.v2/parser.go:318.5,318.15 1 11
gopkg.in/alecthomas/kingpin.v2/parser.go:319.10,319.31 1 79
gopkg.in/alecthomas/kingpin.v2/parser.go:319.31,321.5 1 0
gopkg.in/alecthomas/kingpin.v2/parser.go:323.17,324.19 1 131
gopkg.in/alecthomas/kingpin.v2/parser.go:324.19,327.12 3 73
gopkg.in/alecthomas/kingpin.v2/parser.go:327.12,328.24 1 10
gopkg.in/alecthomas/kingpin.v2/parser.go:328.24,329.53 1 10
gopkg.in/alecthomas/kingpin.v2/parser.go:329.53,332.8 2 10
gopkg.in/alecthomas/kingpin.v2/parser.go:334.6,334.20 1 10
gopkg.in/alecthomas/kingpin.v2/parser.go:334.20,336.7 1 0
gopkg.in/alecthomas/kingpin.v2/parser.go:338.5,338.27 1 73
gopkg.in/alecthomas/kingpin.v2/parser.go:338.27,340.6 1 0
gopkg.in/alecthomas/kingpin.v2/parser.go:341.5,344.25 4 73
gopkg.in/alecthomas/kingpin.v2/parser.go:344.25,346.6 1 63
gopkg.in/alecthomas/kingpin.v2/parser.go:347.10,347.39 1 58
gopkg.in/alecthomas/kingpin.v2/parser.go:347.39,348.27 1 57
gopkg.in/alecthomas/kingpin.v2/parser.go:348.27,351.6 1 2
gopkg.in/alecthomas/kingpin.v2/parser.go:352.5,353.19 2 57
gopkg.in/alecthomas/kingpin.v2/parser.go:353.19,354.16 1 1
gopkg.in/alecthomas/kingpin.v2/parser.go:356.5,357.19 2 56
gopkg.in/alecthomas/kingpin.v2/parser.go:358.10,359.15 1 1
gopkg.in/alecthomas/kingpin.v2/parser.go:362.17,363.14 1 0
gopkg.in/alecthomas/kingpin.v2/parser.go:368.2,368.21 1 121
gopkg.in/alecthomas/kingpin.v2/parser.go:368.21,369.50 1 134
gopkg.in/alecthomas/kingpin.v2/parser.go:369.50,373.4 3 13
gopkg.in/alecthomas/kingpin.v2/parser.go:373.9,374.9 1 121
gopkg.in/alecthomas/kingpin.v2/parser.go:378.2,378.21 1 121
gopkg.in/alecthomas/kingpin.v2/parser.go:378.21,380.3 1 0
gopkg.in/alecthomas/kingpin.v2/parser.go:382.2,382.20 1 121
gopkg.in/alecthomas/kingpin.v2/parser.go:382.20,384.3 1 2
gopkg.in/alecthomas/kingpin.v2/parser.go:387.2,387.96 1 119
gopkg.in/alecthomas/kingpin.v2/parser.go:387.96,388.50 1 47
gopkg.in/alecthomas/kingpin.v2/parser.go:388.50,389.54 1 2
gopkg.in/alecthomas/kingpin.v2/parser.go:389.54,391.5 1 2
gopkg.in/alecthomas/kingpin.v2/parser.go:395.2,395.8 1 117
gopkg.in/alecthomas/kingpin.v2/parsers.go:21.45,23.2 1 740
gopkg.in/alecthomas/kingpin.v2/parsers.go:26.63,30.2 3 1
gopkg.in/alecthomas/kingpin.v2/parsers.go:33.58,37.2 3 1
gopkg.in/alecthomas/kingpin.v2/parsers.go:40.58,44.2 3 0
gopkg.in/alecthomas/kingpin.v2/parsers.go:47.45,51.2 3 1
gopkg.in/alecthomas/kingpin.v2/parsers.go:54.52,58.2 3 1
gopkg.in/alecthomas/kingpin.v2/parsers.go:61.52,63.2 1 1
gopkg.in/alecthomas/kingpin.v2/parsers.go:66.55,70.2 3 1
gopkg.in/alecthomas/kingpin.v2/parsers.go:73.54,77.2 3 0
gopkg.in/alecthomas/kingpin.v2/parsers.go:80.60,84.2 3 0
gopkg.in/alecthomas/kingpin.v2/parsers.go:87.49,91.2 3 0
gopkg.in/alecthomas/kingpin.v2/parsers.go:94.79,98.2 3 0
gopkg.in/alecthomas/kingpin.v2/parsers.go:101.48,105.2 3 1
gopkg.in/alecthomas/kingpin.v2/parsers.go:108.63,110.2 1 2
gopkg.in/alecthomas/kingpin.v2/parsers.go:113.49,115.2 1 0
gopkg.in/alecthomas/kingpin.v2/parsers.go:118.49,120.2 1 0
gopkg.in/alecthomas/kingpin.v2/parsers.go:123.58,125.2 1 1
gopkg.in/alecthomas/kingpin.v2/parsers.go:128.58,130.2 1 0
gopkg.in/alecthomas/kingpin.v2/parsers.go:133.45,135.2 1 1
gopkg.in/alecthomas/kingpin.v2/parsers.go:138.55,140.2 1 1
gopkg.in/alecthomas/kingpin.v2/parsers.go:143.54,145.2 1 0
gopkg.in/alecthomas/kingpin.v2/parsers.go:148.60,150.2 1 0
gopkg.in/alecthomas/kingpin.v2/parsers.go:153.49,155.2 1 0
gopkg.in/alecthomas/kingpin.v2/parsers.go:158.81,160.2 1 0
gopkg.in/alecthomas/kingpin.v2/parsers.go:163.48,165.2 1 1
gopkg.in/alecthomas/kingpin.v2/parsers.go:168.54,172.2 3 0
gopkg.in/alecthomas/kingpin.v2/parsers.go:175.54,177.2 1 0
gopkg.in/alecthomas/kingpin.v2/parsers.go:180.64,184.2 3 4
gopkg.in/alecthomas/kingpin.v2/parsers.go:187.66,189.2 1 8
gopkg.in/alecthomas/kingpin.v2/parsers.go:192.67,196.2 3 0
gopkg.in/alecthomas/kingpin.v2/parsers.go:199.69,201.2 1 0
gopkg.in/alecthomas/kingpin.v2/parsers.go:204.47,208.2 3 1
gopkg.in/alecthomas/kingpin.v2/parsers.go:210.47,212.2 1 1
gopkg.in/alecthomas/kingpin.v2/usage.go:17.82,20.27 2 6
gopkg.in/alecthomas/kingpin.v2/usage.go:20.27,21.40 1 7
gopkg.in/alecthomas/kingpin.v2/usage.go:21.40,23.4 1 6
gopkg.in/alecthomas/kingpin.v2/usage.go:26.2,29.27 3 6
gopkg.in/alecthomas/kingpin.v2/usage.go:29.27,34.24 5 7
gopkg.in/alecthomas/kingpin.v2/usage.go:34.24,36.4 1 1
gopkg.in/alecthomas/kingpin.v2/usage.go:37.3,38.34 2 7
gopkg.in/alecthomas/kingpin.v2/usage.go:38.34,40.4 1 5
gopkg.in/alecthomas/kingpin.v2/usage.go:46.44,49.83 3 0
gopkg.in/alecthomas/kingpin.v2/usage.go:49.83,50.13 1 0
gopkg.in/alecthomas/kingpin.v2/usage.go:54.51,56.24 2 0
gopkg.in/alecthomas/kingpin.v2/usage.go:56.24,58.3 1 0
gopkg.in/alecthomas/kingpin.v2/usage.go:59.2,59.23 1 0
gopkg.in/alecthomas/kingpin.v2/usage.go:59.23,61.3 1 0
gopkg.in/alecthomas/kingpin.v2/usage.go:62.2,62.29 1 0
gopkg.in/alecthomas/kingpin.v2/usage.go:65.66,67.24 2 0
gopkg.in/alecthomas/kingpin.v2/usage.go:67.24,69.3 1 0
gopkg.in/alecthomas/kingpin.v2/usage.go:70.2,70.23 1 0
gopkg.in/alecthomas/kingpin.v2/usage.go:70.23,72.3 1 0
gopkg.in/alecthomas/kingpin.v2/usage.go:73.2,73.29 1 0
gopkg.in/alecthomas/kingpin.v2/usage.go:76.57,78.21 2 4
gopkg.in/alecthomas/kingpin.v2/usage.go:78.21,80.3 1 0
gopkg.in/alecthomas/kingpin.v2/usage.go:80.8,81.16 1 4
gopkg.in/alecthomas/kingpin.v2/usage.go:81.16,83.4 1 0
gopkg.in/alecthomas/kingpin.v2/usage.go:83.9,85.4 1 4
gopkg.in/alecthomas/kingpin.v2/usage.go:87.2,87.24 1 4
gopkg.in/alecthomas/kingpin.v2/usage.go:87.24,89.3 1 0
gopkg.in/alecthomas/kingpin.v2/usage.go:90.2,90.66 1 4
gopkg.in/alecthomas/kingpin.v2/usage.go:90.66,92.3 1 0
gopkg.in/alecthomas/kingpin.v2/usage.go:93.2,93.19 1 4
gopkg.in/alecthomas/kingpin.v2/usage.go:110.68,112.2 1 5
gopkg.in/alecthomas/kingpin.v2/usage.go:115.105,118.36 2 5
gopkg.in/alecthomas/kingpin.v2/usage.go:118.36,120.4 1 2
gopkg.in/alecthomas/kingpin.v2/usage.go:121.45,126.4 4 9
gopkg.in/alecthomas/kingpin.v2/usage.go:128.57,131.27 3 6
gopkg.in/alecthomas/kingpin.v2/usage.go:131.27,132.24 1 24
gopkg.in/alecthomas/kingpin.v2/usage.go:132.24,134.11 2 0
gopkg.in/alecthomas/kingpin.v2/usage.go:137.4,137.27 1 6
gopkg.in/alecthomas/kingpin.v2/usage.go:137.27,138.21 1 24
gopkg.in/alecthomas/kingpin.v2/usage.go:138.21,140.6 1 4
gopkg.in/alecthomas/kingpin.v2/usage.go:142.4,142.15 1 6
gopkg.in/alecthomas/kingpin.v2/usage.go:144.54,146.27 2 0
gopkg.in/alecthomas/kingpin.v2/usage.go:146.27,147.22 1 0
gopkg.in/alecthomas/kingpin.v2/usage.go:147.22,149.6 1 0
gopkg.in/alecthomas/kingpin.v2/usage.go:151.4,151.24 1 0
gopkg.in/alecthomas/kingpin.v2/usage.go:153.54,155.27 2 0
gopkg.in/alecthomas/kingpin.v2/usage.go:155.27,156.23 1 0
gopkg.in/alecthomas/kingpin.v2/usage.go:156.23,158.6 1 0
gopkg.in/alecthomas/kingpin.v2/usage.go:160.4,160.24 1 0
gopkg.in/alecthomas/kingpin.v2/usage.go:162.55,164.26 2 0
gopkg.in/alecthomas/kingpin.v2/usage.go:164.26,166.22 2 0
gopkg.in/alecthomas/kingpin.v2/usage.go:166.22,168.6 1 0
gopkg.in/alecthomas/kingpin.v2/usage.go:169.5,169.48 1 0
gopkg.in/alecthomas/kingpin.v2/usage.go:171.4,171.15 1 0
gopkg.in/alecthomas/kingpin.v2/usage.go:173.53,177.4 3 4
gopkg.in/alecthomas/kingpin.v2/usage.go:178.84,182.4 3 0
gopkg.in/alecthomas/kingpin.v2/usage.go:185.42,188.4 2 9
gopkg.in/alecthomas/kingpin.v2/usage.go:189.31,191.4 1 0
gopkg.in/alecthomas/kingpin.v2/usage.go:193.2,194.16 2 5
gopkg.in/alecthomas/kingpin.v2/usage.go:194.16,196.3 1 0
gopkg.in/alecthomas/kingpin.v2/usage.go:197.2,198.36 2 5
gopkg.in/alecthomas/kingpin.v2/usage.go:198.36,200.3 1 0
gopkg.in/alecthomas/kingpin.v2/usage.go:201.2,210.38 2 5
gopkg.in/alecthomas/kingpin.v2/values.go:74.92,76.69 2 40
gopkg.in/alecthomas/kingpin.v2/values.go:76.69,77.41 1 0
gopkg.in/alecthomas/kingpin.v2/values.go:79.2,83.3 1 40
gopkg.in/alecthomas/kingpin.v2/values.go:86.39,89.31 3 2
gopkg.in/alecthomas/kingpin.v2/values.go:89.31,91.3 1 4
gopkg.in/alecthomas/kingpin.v2/values.go:92.2,92.31 1 2
gopkg.in/alecthomas/kingpin.v2/values.go:95.47,97.60 2 23
gopkg.in/alecthomas/kingpin.v2/values.go:97.60,99.3 1 0
gopkg.in/alecthomas/kingpin.v2/values.go:100.2,102.12 3 23
gopkg.in/alecthomas/kingpin.v2/values.go:105.41,107.2 1 0
gopkg.in/alecthomas/kingpin.v2/values.go:109.43,111.2 1 79
gopkg.in/alecthomas/kingpin.v2/values.go:113.39,113.54 1 57
gopkg.in/alecthomas/kingpin.v2/values.go:118.56,120.2 1 1
gopkg.in/alecthomas/kingpin.v2/values.go:122.45,126.2 3 2
gopkg.in/alecthomas/kingpin.v2/values.go:128.43,128.71 1 0
gopkg.in/alecthomas/kingpin.v2/values.go:130.41,130.80 1 0
gopkg.in/alecthomas/kingpin.v2/values.go:135.62,137.2 1 2
gopkg.in/alecthomas/kingpin.v2/values.go:141.50,143.21 2 2
gopkg.in/alecthomas/kingpin.v2/values.go:143.21,145.3 1 0
gopkg.in/alecthomas/kingpin.v2/values.go:146.2,147.12 2 2
gopkg.in/alecthomas/kingpin.v2/values.go:150.44,152.2 1 0
gopkg.in/alecthomas/kingpin.v2/values.go:154.42,156.2 1 0
gopkg.in/alecthomas/kingpin.v2/values.go:158.46,160.2 1 0
gopkg.in/alecthomas/kingpin.v2/values.go:165.37,167.2 1 1
gopkg.in/alecthomas/kingpin.v2/values.go:169.43,170.41 1 1
gopkg.in/alecthomas/kingpin.v2/values.go:170.41,172.3 1 0
gopkg.in/alecthomas/kingpin.v2/values.go:172.8,175.3 2 1
gopkg.in/alecthomas/kingpin.v2/values.go:178.37,180.2 1 0
gopkg.in/alecthomas/kingpin.v2/values.go:182.35,184.2 1 0
gopkg.in/alecthomas/kingpin.v2/values.go:191.53,193.2 1 5
gopkg.in/alecthomas/kingpin.v2/values.go:195.48,196.63 1 3
gopkg.in/alecthomas/kingpin.v2/values.go:196.63,198.3 1 0
gopkg.in/alecthomas/kingpin.v2/values.go:198.8,201.3 2 3
gopkg.in/alecthomas/kingpin.v2/values.go:204.42,206.2 1 0
gopkg.in/alecthomas/kingpin.v2/values.go:208.40,210.2 1 2
gopkg.in/alecthomas/kingpin.v2/values.go:219.84,224.2 1 1
gopkg.in/alecthomas/kingpin.v2/values.go:226.49,227.50 1 2
gopkg.in/alecthomas/kingpin.v2/values.go:227.50,229.3 1 1
gopkg.in/alecthomas/kingpin.v2/values.go:229.8,229.23 1 1
gopkg.in/alecthomas/kingpin.v2/values.go:229.23,231.3 1 0
gopkg.in/alecthomas/kingpin.v2/values.go:231.8,231.46 1 1
gopkg.in/alecthomas/kingpin.v2/values.go:231.46,233.3 1 0
gopkg.in/alecthomas/kingpin.v2/values.go:234.2,235.12 2 1
gopkg.in/alecthomas/kingpin.v2/values.go:238.43,240.2 1 0
gopkg.in/alecthomas/kingpin.v2/values.go:242.41,244.2 1 0
gopkg.in/alecthomas/kingpin.v2/values.go:254.71,256.2 1 0
gopkg.in/alecthomas/kingpin.v2/values.go:258.45,259.63 1 0
gopkg.in/alecthomas/kingpin.v2/values.go:259.63,261.3 1 0
gopkg.in/alecthomas/kingpin.v2/values.go:261.8,264.3 2 0
gopkg.in/alecthomas/kingpin.v2/values.go:267.39,269.2 1 0
gopkg.in/alecthomas/kingpin.v2/values.go:271.37,272.17 1 0
gopkg.in/alecthomas/kingpin.v2/values.go:272.17,274.3 1 0
gopkg.in/alecthomas/kingpin.v2/values.go:275.2,275.22 1 0
gopkg.in/alecthomas/kingpin.v2/values.go:283.41,285.2 1 1
gopkg.in/alecthomas/kingpin.v2/values.go:287.44,288.46 1 1
gopkg.in/alecthomas/kingpin.v2/values.go:288.46,290.3 1 0
gopkg.in/alecthomas/kingpin.v2/values.go:290.8,293.3 2 1
gopkg.in/alecthomas/kingpin.v2/values.go:296.38,298.2 1 0
gopkg.in/alecthomas/kingpin.v2/values.go:300.36,301.17 1 0
gopkg.in/alecthomas/kingpin.v2/values.go:301.17,303.3 1 0
gopkg.in/alecthomas/kingpin.v2/values.go:304.2,304.24 1 0
gopkg.in/alecthomas/kingpin.v2/values.go:310.51,312.2 1 0
gopkg.in/alecthomas/kingpin.v2/values.go:314.48,315.46 1 0
gopkg.in/alecthomas/kingpin.v2/values.go:315.46,317.3 1 0
gopkg.in/alecthomas/kingpin.v2/values.go:317.8,320.3 2 0
gopkg.in/alecthomas/kingpin.v2/values.go:323.42,325.2 1 0
gopkg.in/alecthomas/kingpin.v2/values.go:327.40,329.25 2 0
gopkg.in/alecthomas/kingpin.v2/values.go:329.25,331.3 1 0
gopkg.in/alecthomas/kingpin.v2/values.go:332.2,332.31 1 0
gopkg.in/alecthomas/kingpin.v2/values.go:335.44,337.2 1 0
gopkg.in/alecthomas/kingpin.v2/values.go:345.64,350.2 1 8
gopkg.in/alecthomas/kingpin.v2/values.go:352.37,354.2 1 0
gopkg.in/alecthomas/kingpin.v2/values.go:356.45,357.30 1 4
gopkg.in/alecthomas/kingpin.v2/values.go:357.30,358.17 1 8
gopkg.in/alecthomas/kingpin.v2/values.go:358.17,361.4 2 2
gopkg.in/alecthomas/kingpin.v2/values.go:363.2,363.98 1 2
gopkg.in/alecthomas/kingpin.v2/values.go:366.39,368.2 1 0
gopkg.in/alecthomas/kingpin.v2/values.go:376.68,381.2 1 0
gopkg.in/alecthomas/kingpin.v2/values.go:383.46,384.30 1 0
gopkg.in/alecthomas/kingpin.v2/values.go:384.30,385.17 1 0
gopkg.in/alecthomas/kingpin.v2/values.go:385.17,388.4 2 0
gopkg.in/alecthomas/kingpin.v2/values.go:390.2,390.98 1 0
gopkg.in/alecthomas/kingpin.v2/values.go:393.40,395.2 1 0
gopkg.in/alecthomas/kingpin.v2/values.go:397.38,399.2 1 0
gopkg.in/alecthomas/kingpin.v2/values.go:401.42,403.2 1 0
gopkg.in/alecthomas/kingpin.v2/values.go:408.53,410.2 1 0
gopkg.in/alecthomas/kingpin.v2/values.go:412.42,416.2 3 0
gopkg.in/alecthomas/kingpin.v2/values.go:418.40,418.71 1 0
gopkg.in/alecthomas/kingpin.v2/values.go:420.38,420.80 1 0
gopkg.in/alecthomas/kingpin.v2/values.go:422.58,423.60 1 1
gopkg.in/alecthomas/kingpin.v2/values.go:423.60,424.16 1 1
gopkg.in/alecthomas/kingpin.v2/values.go:424.16,426.4 1 0
gopkg.in/alecthomas/kingpin.v2/values.go:427.3,427.13 1 1
gopkg.in/alecthomas/kingpin.v2/values.go:431.57,432.60 1 0
gopkg.in/alecthomas/kingpin.v2/values.go:432.60,433.17 1 0
gopkg.in/alecthomas/kingpin.v2/values.go:433.17,435.4 1 0
gopkg.in/alecthomas/kingpin.v2/values.go:436.3,436.13 1 0
gopkg.in/alecthomas/kingpin.v2/values.go:440.63,441.60 1 0
gopkg.in/alecthomas/kingpin.v2/values.go:441.60,441.74 1 0
gopkg.in/alecthomas/kingpin.v2/values.go:446.44,448.2 1 1
gopkg.in/alecthomas/kingpin.v2/values.go:450.44,453.2 2 3
gopkg.in/alecthomas/kingpin.v2/values.go:455.44,455.64 1 0
gopkg.in/alecthomas/kingpin.v2/values.go:456.44,456.59 1 3
gopkg.in/alecthomas/kingpin.v2/values.go:457.44,457.76 1 0
gopkg.in/alecthomas/kingpin.v2/values.go:458.44,458.59 1 3
gopkg.in/alecthomas/kingpin.v2/values.go:460.48,461.41 1 3
gopkg.in/alecthomas/kingpin.v2/values.go:461.41,463.3 1 2
gopkg.in/alecthomas/kingpin.v2/values.go:463.8,464.62 1 1
gopkg.in/alecthomas/kingpin.v2/values.go:464.62,466.4 1 1
gopkg.in/alecthomas/kingpin.v2/values.go:466.9,468.4 1 0
gopkg.in/alecthomas/kingpin.v2/values_generated.go:17.39,19.2 1 596
gopkg.in/alecthomas/kingpin.v2/values_generated.go:21.41,23.16 2 18
gopkg.in/alecthomas/kingpin.v2/values_generated.go:23.16,25.3 1 15
gopkg.in/alecthomas/kingpin.v2/values_generated.go:26.2,26.12 1 18
gopkg.in/alecthomas/kingpin.v2/values_generated.go:29.39,29.62 1 0
gopkg.in/alecthomas/kingpin.v2/values_generated.go:31.37,31.71 1 0
gopkg.in/alecthomas/kingpin.v2/values_generated.go:34.45,38.2 3 1
gopkg.in/alecthomas/kingpin.v2/values_generated.go:40.45,42.2 1 96
gopkg.in/alecthomas/kingpin.v2/values_generated.go:45.51,49.2 3 0
gopkg.in/alecthomas/kingpin.v2/values_generated.go:51.51,52.62 1 0
gopkg.in/alecthomas/kingpin.v2/values_generated.go:52.62,54.3 1 0
gopkg.in/alecthomas/kingpin.v2/values_generated.go:60.45,62.2 1 94
gopkg.in/alecthomas/kingpin.v2/values_generated.go:64.43,66.16 2 68
gopkg.in/alecthomas/kingpin.v2/values_generated.go:66.16,68.3 1 68
gopkg.in/alecthomas/kingpin.v2/values_generated.go:69.2,69.12 1 68
gopkg.in/alecthomas/kingpin.v2/values_generated.go:72.41,72.66 1 0
gopkg.in/alecthomas/kingpin.v2/values_generated.go:74.39,74.62 1 2
gopkg.in/alecthomas/kingpin.v2/values_generated.go:77.49,81.2 3 71
gopkg.in/alecthomas/kingpin.v2/values_generated.go:83.49,85.2 1 71
gopkg.in/alecthomas/kingpin.v2/values_generated.go:88.52,92.2 3 10
gopkg.in/alecthomas/kingpin.v2/values_generated.go:94.52,95.62 1 37
gopkg.in/alecthomas/kingpin.v2/values_generated.go:95.62,97.3 1 17
gopkg.in/alecthomas/kingpin.v2/values_generated.go:103.39,105.2 1 0
gopkg.in/alecthomas/kingpin.v2/values_generated.go:107.41,109.16 2 0
gopkg.in/alecthomas/kingpin.v2/values_generated.go:109.16,111.3 1 0
gopkg.in/alecthomas/kingpin.v2/values_generated.go:112.2,112.12 1 0
gopkg.in/alecthomas/kingpin.v2/values_generated.go:115.39,115.62 1 0
gopkg.in/alecthomas/kingpin.v2/values_generated.go:117.37,117.71 1 0
gopkg.in/alecthomas/kingpin.v2/values_generated.go:120.45,124.2 3 0
gopkg.in/alecthomas/kingpin.v2/values_generated.go:126.45,128.2 1 0
gopkg.in/alecthomas/kingpin.v2/values_generated.go:131.48,135.2 3 0
gopkg.in/alecthomas/kingpin.v2/values_generated.go:137.48,138.62 1 0
gopkg.in/alecthomas/kingpin.v2/values_generated.go:138.62,140.3 1 0
gopkg.in/alecthomas/kingpin.v2/values_generated.go:146.42,148.2 1 0
gopkg.in/alecthomas/kingpin.v2/values_generated.go:150.42,152.16 2 0
gopkg.in/alecthomas/kingpin.v2/values_generated.go:152.16,154.3 1 0
gopkg.in/alecthomas/kingpin.v2/values_generated.go:155.2,155.12 1 0
gopkg.in/alecthomas/kingpin.v2/values_generated.go:158.40,158.64 1 0
gopkg.in/alecthomas/kingpin.v2/values_generated.go:160.38,160.72 1 0
gopkg.in/alecthomas/kingpin.v2/values_generated.go:163.47,167.2 3 0
gopkg.in/alecthomas/kingpin.v2/values_generated.go:169.47,171.2 1 0
gopkg.in/alecthomas/kingpin.v2/values_generated.go:174.53,178.2 3 0
gopkg.in/alecthomas/kingpin.v2/values_generated.go:180.53,181.62 1 0
gopkg.in/alecthomas/kingpin.v2/values_generated.go:181.62,183.3 1 0
gopkg.in/alecthomas/kingpin.v2/values_generated.go:189.45,191.2 1 0
gopkg.in/alecthomas/kingpin.v2/values_generated.go:193.43,195.16 2 0
gopkg.in/alecthomas/kingpin.v2/values_generated.go:195.16,197.3 1 0
gopkg.in/alecthomas/kingpin.v2/values_generated.go:198.2,198.12 1 0
gopkg.in/alecthomas/kingpin.v2/values_generated.go:201.41,201.66 1 0
gopkg.in/alecthomas/kingpin.v2/values_generated.go:203.39,203.73 1 0
gopkg.in/alecthomas/kingpin.v2/values_generated.go:206.49,210.2 3 0
gopkg.in/alecthomas/kingpin.v2/values_generated.go:212.49,214.2 1 0
gopkg.in/alecthomas/kingpin.v2/values_generated.go:217.55,221.2 3 0
gopkg.in/alecthomas/kingpin.v2/values_generated.go:223.55,224.62 1 0
gopkg.in/alecthomas/kingpin.v2/values_generated.go:224.62,226.3 1 0
gopkg.in/alecthomas/kingpin.v2/values_generated.go:232.45,234.2 1 0
gopkg.in/alecthomas/kingpin.v2/values_generated.go:236.43,238.16 2 0
gopkg.in/alecthomas/kingpin.v2/values_generated.go:238.16,240.3 1 0
gopkg.in/alecthomas/kingpin.v2/values_generated.go:241.2,241.12 1 0
gopkg.in/alecthomas/kingpin.v2/values_generated.go:244.41,244.66 1 0
gopkg.in/alecthomas/kingpin.v2/values_generated.go:246.39,246.73 1 0
gopkg.in/alecthomas/kingpin.v2/values_generated.go:249.49,253.2 3 0
gopkg.in/alecthomas/kingpin.v2/values_generated.go:255.49,257.2 1 0
gopkg.in/alecthomas/kingpin.v2/values_generated.go:260.55,264.2 3 0
gopkg.in/alecthomas/kingpin.v2/values_generated.go:266.55,267.62 1 0
gopkg.in/alecthomas/kingpin.v2/values_generated.go:267.62,269.3 1 0
gopkg.in/alecthomas/kingpin.v2/values_generated.go:275.45,277.2 1 0
gopkg.in/alecthomas/kingpin.v2/values_generated.go:279.43,281.16 2 0
gopkg.in/alecthomas/kingpin.v2/values_generated.go:281.16,283.3 1 0
gopkg.in/alecthomas/kingpin.v2/values_generated.go:284.2,284.12 1 0
gopkg.in/alecthomas/kingpin.v2/values_generated.go:287.41,287.66 1 0
gopkg.in/alecthomas/kingpin.v2/values_generated.go:289.39,289.73 1 0
gopkg.in/alecthomas/kingpin.v2/values_generated.go:292.49,296.2 3 0
gopkg.in/alecthomas/kingpin.v2/values_generated.go:298.49,300.2 1 0
gopkg.in/alecthomas/kingpin.v2/values_generated.go:303.55,307.2 3 0
gopkg.in/alecthomas/kingpin.v2/values_generated.go:309.55,310.62 1 0
gopkg.in/alecthomas/kingpin.v2/values_generated.go:310.62,312.3 1 0
gopkg.in/alecthomas/kingpin.v2/values_generated.go:318.36,320.2 1 13
gopkg.in/alecthomas/kingpin.v2/values_generated.go:322.40,324.16 2 10
gopkg.in/alecthomas/kingpin.v2/values_generated.go:324.16,326.3 1 7
gopkg.in/alecthomas/kingpin.v2/values_generated.go:327.2,327.12 1 10
gopkg.in/alecthomas/kingpin.v2/values_generated.go:330.38,330.60 1 0
gopkg.in/alecthomas/kingpin.v2/values_generated.go:332.36,332.70 1 0
gopkg.in/alecthomas/kingpin.v2/values_generated.go:335.43,339.2 3 13
gopkg.in/alecthomas/kingpin.v2/values_generated.go:341.43,343.2 1 13
gopkg.in/alecthomas/kingpin.v2/values_generated.go:346.46,350.2 3 0
gopkg.in/alecthomas/kingpin.v2/values_generated.go:352.46,353.62 1 0
gopkg.in/alecthomas/kingpin.v2/values_generated.go:353.62,355.3 1 0
gopkg.in/alecthomas/kingpin.v2/values_generated.go:361.39,363.2 1 0
gopkg.in/alecthomas/kingpin.v2/values_generated.go:365.41,367.16 2 0
gopkg.in/alecthomas/kingpin.v2/values_generated.go:367.16,369.3 1 0
gopkg.in/alecthomas/kingpin.v2/values_generated.go:370.2,370.12 1 0
gopkg.in/alecthomas/kingpin.v2/values_generated.go:373.39,373.62 1 0
gopkg.in/alecthomas/kingpin.v2/values_generated.go:375.37,375.71 1 0
gopkg.in/alecthomas/kingpin.v2/values_generated.go:378.45,382.2 3 0
gopkg.in/alecthomas/kingpin.v2/values_generated.go:384.45,386.2 1 0
gopkg.in/alecthomas/kingpin.v2/values_generated.go:389.51,393.2 3 0
gopkg.in/alecthomas/kingpin.v2/values_generated.go:395.51,396.62 1 0
gopkg.in/alecthomas/kingpin.v2/values_generated.go:396.62,398.3 1 0
gopkg.in/alecthomas/kingpin.v2/values_generated.go:404.42,406.2 1 0
gopkg.in/alecthomas/kingpin.v2/values_generated.go:408.42,410.16 2 0
gopkg.in/alecthomas/kingpin.v2/values_generated.go:410.16,412.3 1 0
gopkg.in/alecthomas/kingpin.v2/values_generated.go:413.2,413.12 1 0
gopkg.in/alecthomas/kingpin.v2/values_generated.go:416.40,416.64 1 0
gopkg.in/alecthomas/kingpin.v2/values_generated.go:418.38,418.72 1 0
gopkg.in/alecthomas/kingpin.v2/values_generated.go:421.47,425.2 3 0
gopkg.in/alecthomas/kingpin.v2/values_generated.go:427.47,429.2 1 0
gopkg.in/alecthomas/kingpin.v2/values_generated.go:432.53,436.2 3 0
gopkg.in/alecthomas/kingpin.v2/values_generated.go:438.53,439.62 1 0
gopkg.in/alecthomas/kingpin.v2/values_generated.go:439.62,441.3 1 0
gopkg.in/alecthomas/kingpin.v2/values_generated.go:447.42,449.2 1 0
gopkg.in/alecthomas/kingpin.v2/values_generated.go:451.42,453.16 2 0
gopkg.in/alecthomas/kingpin.v2/values_generated.go:453.16,455.3 1 0
gopkg.in/alecthomas/kingpin.v2/values_generated.go:456.2,456.12 1 0
gopkg.in/alecthomas/kingpin.v2/values_generated.go:459.40,459.64 1 0
gopkg.in/alecthomas/kingpin.v2/values_generated.go:461.38,461.72 1 0
gopkg.in/alecthomas/kingpin.v2/values_generated.go:464.47,468.2 3 0
gopkg.in/alecthomas/kingpin.v2/values_generated.go:470.47,472.2 1 0
gopkg.in/alecthomas/kingpin.v2/values_generated.go:475.53,479.2 3 0
gopkg.in/alecthomas/kingpin.v2/values_generated.go:481.53,482.62 1 0
gopkg.in/alecthomas/kingpin.v2/values_generated.go:482.62,484.3 1 0
gopkg.in/alecthomas/kingpin.v2/values_generated.go:490.42,492.2 1 0
gopkg.in/alecthomas/kingpin.v2/values_generated.go:494.42,496.16 2 0
gopkg.in/alecthomas/kingpin.v2/values_generated.go:496.16,498.3 1 0
gopkg.in/alecthomas/kingpin.v2/values_generated.go:499.2,499.12 1 0
gopkg.in/alecthomas/kingpin.v2/values_generated.go:502.40,502.64 1 0
gopkg.in/alecthomas/kingpin.v2/values_generated.go:504.38,504.72 1 0
gopkg.in/alecthomas/kingpin.v2/values_generated.go:507.47,511.2 3 0
gopkg.in/alecthomas/kingpin.v2/values_generated.go:513.47,515.2 1 0
gopkg.in/alecthomas/kingpin.v2/values_generated.go:518.53,522.2 3 0
gopkg.in/alecthomas/kingpin.v2/values_generated.go:524.53,525.62 1 0
gopkg.in/alecthomas/kingpin.v2/values_generated.go:525.62,527.3 1 0
gopkg.in/alecthomas/kingpin.v2/values_generated.go:533.48,535.2 1 0
gopkg.in/alecthomas/kingpin.v2/values_generated.go:537.44,539.16 2 0
gopkg.in/alecthomas/kingpin.v2/values_generated.go:539.16,541.3 1 0
gopkg.in/alecthomas/kingpin.v2/values_generated.go:542.2,542.12 1 0
gopkg.in/alecthomas/kingpin.v2/values_generated.go:545.42,545.68 1 0
gopkg.in/alecthomas/kingpin.v2/values_generated.go:547.40,547.74 1 0
gopkg.in/alecthomas/kingpin.v2/values_generated.go:550.51,554.2 3 0
gopkg.in/alecthomas/kingpin.v2/values_generated.go:556.51,558.2 1 0
gopkg.in/alecthomas/kingpin.v2/values_generated.go:561.57,565.2 3 0
gopkg.in/alecthomas/kingpin.v2/values_generated.go:567.57,568.62 1 0
gopkg.in/alecthomas/kingpin.v2/values_generated.go:568.62,570.3 1 0
gopkg.in/alecthomas/kingpin.v2/values_generated.go:576.48,578.2 1 1
gopkg.in/alecthomas/kingpin.v2/values_generated.go:580.44,582.16 2 1
gopkg.in/alecthomas/kingpin.v2/values_generated.go:582.16,584.3 1 1
gopkg.in/alecthomas/kingpin.v2/values_generated.go:585.2,585.12 1 1
gopkg.in/alecthomas/kingpin.v2/values_generated.go:588.42,588.68 1 0
gopkg.in/alecthomas/kingpin.v2/values_generated.go:590.40,590.74 1 0
gopkg.in/alecthomas/kingpin.v2/values_generated.go:593.51,597.2 3 1
gopkg.in/alecthomas/kingpin.v2/values_generated.go:599.51,601.2 1 1
gopkg.in/alecthomas/kingpin.v2/values_generated.go:604.57,608.2 3 0
gopkg.in/alecthomas/kingpin.v2/values_generated.go:610.57,611.62 1 0
gopkg.in/alecthomas/kingpin.v2/values_generated.go:611.62,613.3 1 0
gopkg.in/alecthomas/kingpin.v2/values_generated.go:617.64,621.2 3 0
gopkg.in/alecthomas/kingpin.v2/values_generated.go:623.64,624.62 1 0
gopkg.in/alecthomas/kingpin.v2/values_generated.go:624.62,626.3 1 0
gopkg.in/alecthomas/kingpin.v2/values_generated.go:630.51,634.2 3 0
gopkg.in/alecthomas/kingpin.v2/values_generated.go:636.51,637.62 1 0
gopkg.in/alecthomas/kingpin.v2/values_generated.go:637.62,639.3 1 0
gopkg.in/alecthomas/kingpin.v2/values_generated.go:643.58,647.2 3 1
gopkg.in/alecthomas/kingpin.v2/values_generated.go:649.58,650.62 1 1
gopkg.in/alecthomas/kingpin.v2/values_generated.go:650.62,652.3 1 4
gopkg.in/alecthomas/kingpin.v2/values_generated.go:656.58,660.2 3 0
gopkg.in/alecthomas/kingpin.v2/values_generated.go:662.58,663.62 1 0
gopkg.in/alecthomas/kingpin.v2/values_generated.go:663.62,665.3 1 0
gopkg.in/alecthomas/kingpin.v2/values_generated.go:669.57,673.2 3 0
gopkg.in/alecthomas/kingpin.v2/values_generated.go:675.57,676.62 1 0
gopkg.in/alecthomas/kingpin.v2/values_generated.go:676.62,678.3 1 0
gopkg.in/alecthomas/kingpin.v2/values_generated.go:682.64,686.2 3 0
gopkg.in/alecthomas/kingpin.v2/values_generated.go:688.64,689.62 1 0
gopkg.in/alecthomas/kingpin.v2/values_generated.go:689.62,691.3 1 0
gopkg.in/alecthomas/kingpin.v2/values_generated.go:697.53,699.2 1 1
gopkg.in/alecthomas/kingpin.v2/values_generated.go:701.43,703.16 2 1
gopkg.in/alecthomas/kingpin.v2/values_generated.go:703.16,705.3 1 1
gopkg.in/alecthomas/kingpin.v2/values_generated.go:706.2,706.12 1 1
gopkg.in/alecthomas/kingpin.v2/values_generated.go:709.41,709.74 1 0
gopkg.in/alecthomas/kingpin.v2/values_generated.go:711.39,711.73 1 0
gopkg.in/alecthomas/kingpin.v2/values_generated.go:714.57,718.2 3 1
gopkg.in/alecthomas/kingpin.v2/values_generated.go:720.57,722.2 1 1
gopkg.in/alecthomas/kingpin.v2/values_generated.go:725.63,729.2 3 0
gopkg.in/alecthomas/kingpin.v2/values_generated.go:731.63,732.62 1 0
gopkg.in/alecthomas/kingpin.v2/values_generated.go:732.62,734.3 1 0
gopkg.in/alecthomas/kingpin.v2/values_generated.go:740.53,742.2 1 3
gopkg.in/alecthomas/kingpin.v2/values_generated.go:744.47,746.16 2 3
gopkg.in/alecthomas/kingpin.v2/values_generated.go:746.16,748.3 1 2
gopkg.in/alecthomas/kingpin.v2/values_generated.go:749.2,749.12 1 3
gopkg.in/alecthomas/kingpin.v2/values_generated.go:752.45,752.70 1 0
gopkg.in/alecthomas/kingpin.v2/values_generated.go:754.43,754.77 1 0
gopkg.in/alecthomas/kingpin.v2/values_generated.go:757.53,761.2 3 3
gopkg.in/alecthomas/kingpin.v2/values_generated.go:763.53,765.2 1 3
gopkg.in/alecthomas/kingpin.v2/values_generated.go:768.59,772.2 3 0
gopkg.in/alecthomas/kingpin.v2/values_generated.go:774.59,775.62 1 0
gopkg.in/alecthomas/kingpin.v2/values_generated.go:775.62,777.3 1 0
gopkg.in/alecthomas/kingpin.v2/values_generated.go:783.49,785.2 1 1
gopkg.in/alecthomas/kingpin.v2/values_generated.go:787.45,789.16 2 1
gopkg.in/alecthomas/kingpin.v2/values_generated.go:789.16,791.3 1 1
gopkg.in/alecthomas/kingpin.v2/values_generated.go:792.2,792.12 1 1
gopkg.in/alecthomas/kingpin.v2/values_generated.go:795.43,795.68 1 0
gopkg.in/alecthomas/kingpin.v2/values_generated.go:797.41,797.75 1 0
gopkg.in/alecthomas/kingpin.v2/values_generated.go:800.51,804.2 3 1
gopkg.in/alecthomas/kingpin.v2/values_generated.go:806.51,808.2 1 1
gopkg.in/alecthomas/kingpin.v2/values_generated.go:811.57,815.2 3 0
gopkg.in/alecthomas/kingpin.v2/values_generated.go:817.57,818.62 1 0
gopkg.in/alecthomas/kingpin.v2/values_generated.go:818.62,820.3 1 0
